2026-07-28 21:29:07 INFO  DecompileAllWithDataPointers.java> Scanning section .rdata (1620480 bytes) for code pointers...  
2026-07-28 21:29:07 INFO  DecompileAllWithDataPointers.java> Scanning section .data (37168 bytes) for code pointers...  
2026-07-28 21:29:07 INFO  DecompileAllWithDataPointers.java> Scanned 207206 pointers, created 966 new functions, skipped/failed 0 from .rdata/.data code pointers.  
2026-07-28 21:29:07 INFO  DecompileAllWithDataPointers.java> Re-analyzed changes.  
2026-07-28 21:31:16 INFO  DecompileAllWithDataPointers.java> Decompiled 500/19539 functions...  
2026-07-28 21:32:09 INFO  DecompileAllWithDataPointers.java> Decompiled 1000/19539 functions...  
2026-07-28 21:32:12 INFO  DecompileAllWithDataPointers.java> Decompiled 1500/19539 functions...  
2026-07-28 21:32:14 INFO  DecompileAllWithDataPointers.java> Decompiled 2000/19539 functions...  
2026-07-28 21:32:24 INFO  DecompileAllWithDataPointers.java> Decompiled 2500/19539 functions...  
2026-07-28 21:32:30 INFO  DecompileAllWithDataPointers.java> Decompiled 3000/19539 functions...  
2026-07-28 21:32:34 INFO  DecompileAllWithDataPointers.java> Decompiled 3500/19539 functions...  
2026-07-28 21:32:53 INFO  DecompileAllWithDataPointers.java> Decompiled 4000/19539 functions...  
2026-07-28 21:33:23 INFO  DecompileAllWithDataPointers.java> Decompiled 4500/19539 functions...  
2026-07-28 21:33:30 INFO  DecompileAllWithDataPointers.java> Decompiled 5000/19539 functions...  
2026-07-28 21:33:39 INFO  DecompileAllWithDataPointers.java> Decompiled 5500/19539 functions...  
2026-07-28 21:33:49 INFO  DecompileAllWithDataPointers.java> Decompiled 6000/19539 functions...  
2026-07-28 21:33:58 INFO  DecompileAllWithDataPointers.java> Decompiled 6500/19539 functions...  
2026-07-28 21:34:41 INFO  DecompileAllWithDataPointers.java> Decompiled 7000/19539 functions...  
2026-07-28 21:35:46 INFO  DecompileAllWithDataPointers.java> Decompiled 7500/19539 functions...  
2026-07-28 21:35:48 INFO  DecompileAllWithDataPointers.java> Decompiled 8000/19539 functions...  
2026-07-28 21:36:17 INFO  DecompileAllWithDataPointers.java> Decompiled 8500/19539 functions...  
2026-07-28 21:36:28 INFO  DecompileAllWithDataPointers.java> Decompiled 9000/19539 functions...  
2026-07-28 21:37:44 INFO  DecompileAllWithDataPointers.java> Decompiled 9500/19539 functions...  
2026-07-28 21:37:55 INFO  DecompileAllWithDataPointers.java> Decompiled 10000/19539 functions...  
2026-07-28 21:38:03 INFO  DecompileAllWithDataPointers.java> Decompiled 10500/19539 functions...  
2026-07-28 21:38:12 INFO  DecompileAllWithDataPointers.java> Decompiled 11000/19539 functions...  
2026-07-28 21:38:29 INFO  DecompileAllWithDataPointers.java> Decompiled 11500/19539 functions...  
2026-07-28 21:39:30 INFO  DecompileAllWithDataPointers.java> Decompiled 12000/19539 functions...  
2026-07-28 21:40:23 INFO  DecompileAllWithDataPointers.java> Decompiled 12500/19539 functions...  
2026-07-28 21:40:29 INFO  DecompileAllWithDataPointers.java> Decompiled 13000/19539 functions...  
2026-07-28 21:40:34 INFO  DecompileAllWithDataPointers.java> Decompiled 13500/19539 functions...  
2026-07-28 21:41:02 INFO  DecompileAllWithDataPointers.java> Decompiled 14000/19539 functions...  
2026-07-28 21:41:19 INFO  DecompileAllWithDataPointers.java> Decompiled 14500/19539 functions...  
2026-07-28 21:41:27 INFO  DecompileAllWithDataPointers.java> Decompiled 15000/19539 functions...  
2026-07-28 21:41:34 INFO  DecompileAllWithDataPointers.java> Decompiled 15500/19539 functions...  
2026-07-28 21:41:54 INFO  DecompileAllWithDataPointers.java> Decompiled 16000/19539 functions...  
2026-07-28 21:43:25 INFO  DecompileAllWithDataPointers.java> Decompiled 16500/19539 functions...  
2026-07-28 21:44:49 INFO  DecompileAllWithDataPointers.java> Decompiled 17000/19539 functions...  
2026-07-28 21:45:13 INFO  DecompileAllWithDataPointers.java> Decompiled 17500/19539 functions...  
2026-07-28 21:45:16 INFO  DecompileAllWithDataPointers.java> Decompiled 18000/19539 functions...  
2026-07-28 21:46:20 INFO  DecompileAllWithDataPointers.java> Decompiled 18500/19539 functions...  
2026-07-28 21:46:23 INFO  DecompileAllWithDataPointers.java> Decompiled 19000/19539 functions...  
2026-07-28 21:46:26 INFO  DecompileAllWithDataPointers.java> Decompiled 19500/19539 functions...  
2026-07-28 21:46:26 INFO  DecompileAllWithDataPointers.java> Finished. Total=19539 Success=19358 Failed=181  
2026-07-28 21:46:26 INFO  DecompileAllWithDataPointers.java> Output: /Users/tl/Desktop/MCBE/Clients/Oderso/ghidra_decompiled_1.26.3X_new.c  
