2026-07-28 21:21:52 INFO  (LoggingInitialization) Using log config file: jar:file:/opt/homebrew/Cellar/ghidra/12.1.2/libexec/Ghidra/Framework/Generic/lib/Generic.jar!/generic.log4j.xml  
2026-07-28 21:21:52 INFO  (LoggingInitialization) Using log file: /Users/tl/Desktop/MCBE/Clients/Oderso/ghidra_analyze.log  
2026-07-28 21:21:52 DEBUG (GhidraObjectInputFilter) Including serial input filter: FileSystem/data/client.rmi.serial.filter  
2026-07-28 21:21:52 INFO  (Preferences) Loading user preferences: /Users/tl/Library/ghidra/ghidra_12.1.2_PUBLIC/preferences  
2026-07-28 21:21:52 INFO  (ClassSearcher) Searching for classes...  
2026-07-28 21:21:52 INFO  (ClassSearcher) Class search complete (620 ms)  
2026-07-28 21:21:52 INFO  (DefaultSSLContextInitializer) Initializing SSL Context  
2026-07-28 21:21:52 INFO  (SecureRandomFactory) Initializing Random Number Generator...  
2026-07-28 21:21:52 INFO  (SecureRandomFactory) Random Number Generator initialization complete: NativePRNGNonBlocking  
2026-07-28 21:21:52 INFO  (DefaultTrustManagerFactory) Trust manager disabled, cacerts have not been set  
2026-07-28 21:21:52 INFO  (FileCacheMaintenanceDaemon) Starting cache cleanup: /var/tmp/tl-ghidra/fscache2  
2026-07-28 21:21:52 INFO  (FileCacheMaintenanceDaemon) Finished cache cleanup, estimated storage used: 0  
2026-07-28 21:22:23 INFO  (LoggingInitialization) Using log config file: jar:file:/opt/homebrew/Cellar/ghidra/12.1.2/libexec/Ghidra/Framework/Generic/lib/Generic.jar!/generic.log4j.xml  
2026-07-28 21:22:23 INFO  (LoggingInitialization) Using log file: /Users/tl/Desktop/MCBE/Clients/Oderso/ghidra_analyze.log  
2026-07-28 21:22:23 DEBUG (GhidraObjectInputFilter) Including serial input filter: FileSystem/data/client.rmi.serial.filter  
2026-07-28 21:22:23 INFO  (Preferences) Loading user preferences: /Users/tl/Library/ghidra/ghidra_12.1.2_PUBLIC/preferences  
2026-07-28 21:22:23 INFO  (ClassSearcher) Searching for classes...  
2026-07-28 21:22:23 INFO  (ClassSearcher) Class search complete (583 ms)  
2026-07-28 21:22:23 INFO  (DefaultSSLContextInitializer) Initializing SSL Context  
2026-07-28 21:22:23 INFO  (SecureRandomFactory) Initializing Random Number Generator...  
2026-07-28 21:22:23 INFO  (SecureRandomFactory) Random Number Generator initialization complete: NativePRNGNonBlocking  
2026-07-28 21:22:23 INFO  (DefaultTrustManagerFactory) Trust manager disabled, cacerts have not been set  
2026-07-28 21:22:24 INFO  (FileCacheMaintenanceDaemon) Starting cache cleanup: /var/tmp/tl-ghidra/fscache2  
2026-07-28 21:22:24 INFO  (FileCacheMaintenanceDaemon) Finished cache cleanup, estimated storage used: 0  
2026-07-28 21:22:24 INFO  (AnalyzeHeadless) Headless startup complete (1252 ms)  
2026-07-28 21:22:24 INFO  (ClassSearcher) Class searcher loaded 59 extension points (20 false positives)  
2026-07-28 21:22:24 INFO  (HeadlessAnalyzer) HEADLESS Script Paths:
    /opt/homebrew/Cellar/ghidra/12.1.2/libexec/Ghidra/Features/SystemEmulation/ghidra_scripts
    /opt/homebrew/Cellar/ghidra/12.1.2/libexec/Ghidra/Features/Base/ghidra_scripts
    /opt/homebrew/Cellar/ghidra/12.1.2/libexec/Ghidra/Features/FunctionID/ghidra_scripts
    /opt/homebrew/Cellar/ghidra/12.1.2/libexec/Ghidra/Features/WildcardAssembler/ghidra_scripts
    /opt/homebrew/Cellar/ghidra/12.1.2/libexec/Ghidra/Features/MicrosoftCodeAnalyzer/ghidra_scripts
    /Users/tl/Desktop/MCBE/Clients/Oderso/ghidra_scripts
    /opt/homebrew/Cellar/ghidra/12.1.2/libexec/Ghidra/Features/FileFormats/ghidra_scripts
    /opt/homebrew/Cellar/ghidra/12.1.2/libexec/Ghidra/Processors/Atmel/ghidra_scripts
    /opt/homebrew/Cellar/ghidra/12.1.2/libexec/Ghidra/Features/DecompilerDependent/ghidra_scripts
    /opt/homebrew/Cellar/ghidra/12.1.2/libexec/Ghidra/Processors/8051/ghidra_scripts
    /opt/homebrew/Cellar/ghidra/12.1.2/libexec/Ghidra/Processors/DATA/ghidra_scripts
    /opt/homebrew/Cellar/ghidra/12.1.2/libexec/Ghidra/Processors/JVM/ghidra_scripts
    /opt/homebrew/Cellar/ghidra/12.1.2/libexec/Ghidra/Features/GnuDemangler/ghidra_scripts
    /opt/homebrew/Cellar/ghidra/12.1.2/libexec/Ghidra/Debug/Debugger/ghidra_scripts
    /opt/homebrew/Cellar/ghidra/12.1.2/libexec/Ghidra/Features/BSim/ghidra_scripts
    /opt/homebrew/Cellar/ghidra/12.1.2/libexec/Ghidra/Features/BytePatterns/ghidra_scripts
    /opt/homebrew/Cellar/ghidra/12.1.2/libexec/Ghidra/Features/PyGhidra/ghidra_scripts
    /opt/homebrew/Cellar/ghidra/12.1.2/libexec/Ghidra/Debug/Debugger-rmi-trace/ghidra_scripts
    /opt/homebrew/Cellar/ghidra/12.1.2/libexec/Ghidra/Features/Decompiler/ghidra_scripts
    /opt/homebrew/Cellar/ghidra/12.1.2/libexec/Ghidra/Features/SwiftDemangler/ghidra_scripts
    /opt/homebrew/Cellar/ghidra/12.1.2/libexec/Ghidra/Features/VersionTracking/ghidra_scripts
    /opt/homebrew/Cellar/ghidra/12.1.2/libexec/Ghidra/Features/PDB/ghidra_scripts
    /opt/homebrew/Cellar/ghidra/12.1.2/libexec/Ghidra/Processors/PIC/ghidra_scripts  
2026-07-28 21:22:24 INFO  (HeadlessAnalyzer) HEADLESS: execution starts  
2026-07-28 21:22:24 INFO  (HeadlessAnalyzer) Creating temporary project: /Users/tl/Desktop/MCBE/Clients/Oderso/ghidra_project/Oderso_1_26_3X  
2026-07-28 21:22:24 DEBUG (DefaultProjectManager) No tools found; Installing default tools  
2026-07-28 21:22:24 DEBUG (DefaultProjectManager) 	no recent project directories found  
2026-07-28 21:22:24 ERROR (HeadlessAnalyzer) Abort due to Headless analyzer error: Directory not found: /Users/tl/Desktop/MCBE/Clients/Oderso/ghidra_project java.io.FileNotFoundException: Directory not found: /Users/tl/Desktop/MCBE/Clients/Oderso/ghidra_project
	at ghidra.framework.project.DefaultProjectManager.createProject(DefaultProjectManager.java:100)
	at ghidra.app.util.headless.HeadlessAnalyzer.processLocal(HeadlessAnalyzer.java:451)
	at ghidra.app.util.headless.AnalyzeHeadless.launch(AnalyzeHeadless.java:199)
	at ghidra.GhidraLauncher.launch(GhidraLauncher.java:81)
	at ghidra.Ghidra.main(Ghidra.java:54)
 
2026-07-28 21:22:31 INFO  (LoggingInitialization) Using log config file: jar:file:/opt/homebrew/Cellar/ghidra/12.1.2/libexec/Ghidra/Framework/Generic/lib/Generic.jar!/generic.log4j.xml  
2026-07-28 21:22:31 INFO  (LoggingInitialization) Using log file: /Users/tl/Desktop/MCBE/Clients/Oderso/ghidra_analyze.log  
2026-07-28 21:22:31 DEBUG (GhidraObjectInputFilter) Including serial input filter: FileSystem/data/client.rmi.serial.filter  
2026-07-28 21:22:31 INFO  (Preferences) Loading user preferences: /Users/tl/Library/ghidra/ghidra_12.1.2_PUBLIC/preferences  
2026-07-28 21:22:31 INFO  (ClassSearcher) Searching for classes...  
2026-07-28 21:22:31 INFO  (ClassSearcher) Class search complete (629 ms)  
2026-07-28 21:22:31 INFO  (DefaultSSLContextInitializer) Initializing SSL Context  
2026-07-28 21:22:31 INFO  (SecureRandomFactory) Initializing Random Number Generator...  
2026-07-28 21:22:31 INFO  (SecureRandomFactory) Random Number Generator initialization complete: NativePRNGNonBlocking  
2026-07-28 21:22:31 INFO  (DefaultTrustManagerFactory) Trust manager disabled, cacerts have not been set  
2026-07-28 21:22:32 INFO  (AnalyzeHeadless) Headless startup complete (1257 ms)  
2026-07-28 21:22:32 INFO  (ClassSearcher) Class searcher loaded 59 extension points (20 false positives)  
2026-07-28 21:22:32 INFO  (HeadlessAnalyzer) HEADLESS Script Paths:
    /opt/homebrew/Cellar/ghidra/12.1.2/libexec/Ghidra/Features/SystemEmulation/ghidra_scripts
    /opt/homebrew/Cellar/ghidra/12.1.2/libexec/Ghidra/Features/Base/ghidra_scripts
    /opt/homebrew/Cellar/ghidra/12.1.2/libexec/Ghidra/Features/FunctionID/ghidra_scripts
    /opt/homebrew/Cellar/ghidra/12.1.2/libexec/Ghidra/Features/WildcardAssembler/ghidra_scripts
    /opt/homebrew/Cellar/ghidra/12.1.2/libexec/Ghidra/Features/MicrosoftCodeAnalyzer/ghidra_scripts
    /Users/tl/Desktop/MCBE/Clients/Oderso/ghidra_scripts
    /opt/homebrew/Cellar/ghidra/12.1.2/libexec/Ghidra/Features/FileFormats/ghidra_scripts
    /opt/homebrew/Cellar/ghidra/12.1.2/libexec/Ghidra/Processors/Atmel/ghidra_scripts
    /opt/homebrew/Cellar/ghidra/12.1.2/libexec/Ghidra/Features/DecompilerDependent/ghidra_scripts
    /opt/homebrew/Cellar/ghidra/12.1.2/libexec/Ghidra/Processors/8051/ghidra_scripts
    /opt/homebrew/Cellar/ghidra/12.1.2/libexec/Ghidra/Processors/DATA/ghidra_scripts
    /opt/homebrew/Cellar/ghidra/12.1.2/libexec/Ghidra/Processors/JVM/ghidra_scripts
    /opt/homebrew/Cellar/ghidra/12.1.2/libexec/Ghidra/Features/GnuDemangler/ghidra_scripts
    /opt/homebrew/Cellar/ghidra/12.1.2/libexec/Ghidra/Debug/Debugger/ghidra_scripts
    /opt/homebrew/Cellar/ghidra/12.1.2/libexec/Ghidra/Features/BSim/ghidra_scripts
    /opt/homebrew/Cellar/ghidra/12.1.2/libexec/Ghidra/Features/BytePatterns/ghidra_scripts
    /opt/homebrew/Cellar/ghidra/12.1.2/libexec/Ghidra/Features/PyGhidra/ghidra_scripts
    /opt/homebrew/Cellar/ghidra/12.1.2/libexec/Ghidra/Debug/Debugger-rmi-trace/ghidra_scripts
    /opt/homebrew/Cellar/ghidra/12.1.2/libexec/Ghidra/Features/Decompiler/ghidra_scripts
    /opt/homebrew/Cellar/ghidra/12.1.2/libexec/Ghidra/Features/SwiftDemangler/ghidra_scripts
    /opt/homebrew/Cellar/ghidra/12.1.2/libexec/Ghidra/Features/VersionTracking/ghidra_scripts
    /opt/homebrew/Cellar/ghidra/12.1.2/libexec/Ghidra/Features/PDB/ghidra_scripts
    /opt/homebrew/Cellar/ghidra/12.1.2/libexec/Ghidra/Processors/PIC/ghidra_scripts  
2026-07-28 21:22:32 INFO  (HeadlessAnalyzer) HEADLESS: execution starts  
2026-07-28 21:22:32 INFO  (HeadlessAnalyzer) Creating temporary project: /Users/tl/Desktop/MCBE/Clients/Oderso/ghidra_project/Oderso_1_26_3X  
2026-07-28 21:22:32 INFO  (DefaultProject) Creating project: /Users/tl/Desktop/MCBE/Clients/Oderso/ghidra_project/Oderso_1_26_3X  
2026-07-28 21:22:32 INFO  (HeadlessAnalyzer) REPORT: Processing input files:   
2026-07-28 21:22:32 INFO  (HeadlessAnalyzer)      project: /Users/tl/Desktop/MCBE/Clients/Oderso/ghidra_project/Oderso_1_26_3X  
2026-07-28 21:22:32 INFO  (HeadlessAnalyzer) IMPORTING: file:///Users/tl/Desktop/MCBE/Clients/Oderso/1.26.3X.dll  
2026-07-28 21:22:32 INFO  (ProgramLoader) Using Loader: Portable Executable (PE)  
2026-07-28 21:22:32 INFO  (ProgramLoader) Using Language/Compiler: x86:LE:64:default:clangwindows  
2026-07-28 21:22:32 INFO  (ProgramLoader) Using Library Search Path: [., /System/Library/dyld/dyld_shared_cache_arm64e, /System/Library/dyld/dyld_shared_cache_x86_64, /System/Library/dyld/dyld_shared_cache_x86_64h, /System/Cryptexes/OS/System/Library/dyld/dyld_shared_cache_arm64e, /System/Cryptexes/OS/System/Library/dyld/dyld_shared_cache_x86_64, /System/Cryptexes/OS/System/Library/dyld/dyld_shared_cache_x86_64h, /Users/tl/Library/Java/Extensions, /Library/Java/Extensions, /Network/Library/Java/Extensions, /System/Library/Java/Extensions, /usr/lib/java]  
2026-07-28 21:22:33 INFO  (TLSDirectory) TLS callbacks at 180765df0  
2026-07-28 21:22:38 INFO  (FileSystemInstanceManager) Removing 2 unused filesystems from cache  
2026-07-28 21:22:38 DEBUG (FileSystemInstanceManager) Closing unused filesystem [file:///System/Cryptexes/OS/System/Library/dyld/dyld_shared_cache_arm64e?MD5=668ee4d698ad9972b88d96cdb62e0f12]  
2026-07-28 21:22:38 DEBUG (FileSystemInstanceManager) Closing unused filesystem [file:///System/Cryptexes/OS/System/Library/dyld/dyld_shared_cache_x86_64?MD5=fb0feb7073484f4b924e830e5e28dd26]  
2026-07-28 21:22:39 INFO  (ProgramLoader) Additional info:
Loading file:///Users/tl/Desktop/MCBE/Clients/Oderso/1.26.3X.dll?MD5=4ff69d15d6d0621341d924bda6b7472e...
------------------------------------------------

Searching 4 paths for library API-MS-WIN-CORE-COM-L1-1-0.DLL...
Library not found.
------------------------------------------------

Searching 4 paths for library API-MS-WIN-CORE-CONSOLE-L1-1-0.DLL...
Library not found.
------------------------------------------------

Searching 4 paths for library API-MS-WIN-CORE-CONSOLE-L2-1-0.DLL...
Library not found.
------------------------------------------------

Searching 4 paths for library API-MS-WIN-CORE-DATETIME-L1-1-0.DLL...
Library not found.
------------------------------------------------

Searching 4 paths for library API-MS-WIN-CORE-DEBUG-L1-1-0.DLL...
Library not found.
------------------------------------------------

Searching 4 paths for library API-MS-WIN-CORE-ERRORHANDLING-L1-1-0.DLL...
Library not found.
------------------------------------------------

Searching 4 paths for library API-MS-WIN-CORE-FIBERS-L1-1-0.DLL...
Library not found.
------------------------------------------------

Searching 4 paths for library API-MS-WIN-CORE-FILE-L1-1-0.DLL...
Library not found.
------------------------------------------------

Searching 4 paths for library API-MS-WIN-CORE-FILE-L1-2-0.DLL...
Library not found.
------------------------------------------------

Searching 4 paths for library API-MS-WIN-CORE-FILE-L1-2-2.DLL...
Library not found.
------------------------------------------------

Searching 4 paths for library API-MS-WIN-CORE-FILE-L2-1-0.DLL...
Library not found.
------------------------------------------------

Searching 4 paths for library API-MS-WIN-CORE-HANDLE-L1-1-0.DLL...
Library not found.
------------------------------------------------

Searching 4 paths for library API-MS-WIN-CORE-HEAP-L1-1-0.DLL...
Library not found.
------------------------------------------------

Searching 4 paths for library API-MS-WIN-CORE-HEAP-L2-1-0.DLL...
Library not found.
------------------------------------------------

Searching 4 paths for library API-MS-WIN-CORE-HEAP-OBSOLETE-L1-1-0.DLL...
Library not found.
------------------------------------------------

Searching 4 paths for library API-MS-WIN-CORE-INTERLOCKED-L1-1-0.DLL...
Library not found.
------------------------------------------------

Searching 4 paths for library API-MS-WIN-CORE-IO-L1-1-0.DLL...
Library not found.
------------------------------------------------

Searching 4 paths for library API-MS-WIN-CORE-LIBRARYLOADER-L1-2-0.DLL...
Library not found.
------------------------------------------------

Searching 4 paths for library API-MS-WIN-CORE-LIBRARYLOADER-L1-2-1.DLL...
Library not found.
------------------------------------------------

Searching 4 paths for library API-MS-WIN-CORE-LOCALIZATION-L1-2-0.DLL...
Library not found.
------------------------------------------------

Searching 4 paths for library API-MS-WIN-CORE-MEMORY-L1-1-0.DLL...
Library not found.
------------------------------------------------

Searching 4 paths for library API-MS-WIN-CORE-NAMEDPIPE-L1-1-0.DLL...
Library not found.
------------------------------------------------

Searching 4 paths for library API-MS-WIN-CORE-PROCESSENVIRONMENT-L1-1-0.DLL...
Library not found.
------------------------------------------------

Searching 4 paths for library API-MS-WIN-CORE-PROCESSTHREADS-L1-1-0.DLL...
Library not found.
------------------------------------------------

Searching 4 paths for library API-MS-WIN-CORE-PROCESSTHREADS-L1-1-1.DLL...
Library not found.
------------------------------------------------

Searching 4 paths for library API-MS-WIN-CORE-PROFILE-L1-1-0.DLL...
Library not found.
------------------------------------------------

Searching 4 paths for library API-MS-WIN-CORE-RTLSUPPORT-L1-1-0.DLL...
Library not found.
------------------------------------------------

Searching 4 paths for library API-MS-WIN-CORE-STRING-L1-1-0.DLL...
Library not found.
------------------------------------------------

Searching 4 paths for library API-MS-WIN-CORE-SYNCH-L1-1-0.DLL...
Library not found.
------------------------------------------------

Searching 4 paths for library API-MS-WIN-CORE-SYNCH-L1-2-0.DLL...
Library not found.
------------------------------------------------

Searching 4 paths for library API-MS-WIN-CORE-SYSINFO-L1-1-0.DLL...
Library not found.
------------------------------------------------

Searching 4 paths for library API-MS-WIN-CORE-SYSINFO-L1-2-0.DLL...
Library not found.
------------------------------------------------

Searching 4 paths for library API-MS-WIN-CORE-THREADPOOL-L1-2-0.DLL...
Library not found.
------------------------------------------------

Searching 4 paths for library API-MS-WIN-CORE-TIMEZONE-L1-1-0.DLL...
Library not found.
------------------------------------------------

Searching 4 paths for library API-MS-WIN-CORE-TOOLHELP-L1-1-0.DLL...
Library not found.
------------------------------------------------

Searching 4 paths for library API-MS-WIN-CORE-UTIL-L1-1-0.DLL...
Library not found.
------------------------------------------------

Searching 4 paths for library API-MS-WIN-CORE-WINRT-ERROR-L1-1-1.DLL...
Library not found.
------------------------------------------------

Searching 4 paths for library API-MS-WIN-CORE-WINRT-L1-1-0.DLL...
Library not found.
------------------------------------------------

Searching 4 paths for library KERNEL32.DLL...
Library not found.
------------------------------------------------

Searching 4 paths for library OLEAUT32.DLL...
Library not found.
------------------------------------------------

Searching 4 paths for library SHELL32.DLL...
Library not found.
------------------------------------------------

Searching 4 paths for library URLMON.DLL...
Library not found.
------------------------------------------------

Searching 4 paths for library USER32.DLL...
Library not found.
------------------------------------------------

Searching 4 paths for library VERSION.DLL...
Library not found.
------------------------------------------------

Searching 4 paths for library WININET.DLL...
Library not found.
------------------------------------------------

Linking the External Programs of '1.26.3X.dll' to imported libraries...
  [VERSION.DLL] -> not found in project
  [API-MS-WIN-CORE-PROCESSTHREADS-L1-1-0.DLL] -> not found in project
  [API-MS-WIN-CORE-LIBRARYLOADER-L1-2-0.DLL] -> not found in project
  [API-MS-WIN-CORE-PROCESSENVIRONMENT-L1-1-0.DLL] -> not found in project
  [API-MS-WIN-CORE-SYSINFO-L1-1-0.DLL] -> not found in project
  [API-MS-WIN-CORE-HEAP-L2-1-0.DLL] -> not found in project
  [API-MS-WIN-CORE-HEAP-OBSOLETE-L1-1-0.DLL] -> not found in project
  [API-MS-WIN-CORE-LIBRARYLOADER-L1-2-1.DLL] -> not found in project
  [API-MS-WIN-CORE-STRING-L1-1-0.DLL] -> not found in project
  [API-MS-WIN-CORE-PROFILE-L1-1-0.DLL] -> not found in project
  [API-MS-WIN-CORE-ERRORHANDLING-L1-1-0.DLL] -> not found in project
  [API-MS-WIN-CORE-SYNCH-L1-2-0.DLL] -> not found in project
  [API-MS-WIN-CORE-MEMORY-L1-1-0.DLL] -> not found in project
  [KERNEL32.DLL] -> not found in project
  [USER32.DLL] -> not found in project
  [SHELL32.DLL] -> not found in project
  [WININET.DLL] -> not found in project
  [URLMON.DLL] -> not found in project
  [API-MS-WIN-CORE-HEAP-L1-1-0.DLL] -> not found in project
  [API-MS-WIN-CORE-HANDLE-L1-1-0.DLL] -> not found in project
  [API-MS-WIN-CORE-PROCESSTHREADS-L1-1-1.DLL] -> not found in project
  [API-MS-WIN-CORE-TOOLHELP-L1-1-0.DLL] -> not found in project
  [API-MS-WIN-CORE-CONSOLE-L1-1-0.DLL] -> not found in project
  [API-MS-WIN-CORE-TIMEZONE-L1-1-0.DLL] -> not found in project
  [API-MS-WIN-CORE-FILE-L1-1-0.DLL] -> not found in project
  [API-MS-WIN-CORE-SYNCH-L1-1-0.DLL] -> not found in project
  [API-MS-WIN-CORE-THREADPOOL-L1-2-0.DLL] -> not found in project
  [API-MS-WIN-CORE-LOCALIZATION-L1-2-0.DLL] -> not found in project
  [API-MS-WIN-CORE-RTLSUPPORT-L1-1-0.DLL] -> not found in project
  [API-MS-WIN-CORE-SYSINFO-L1-2-0.DLL] -> not found in project
  [API-MS-WIN-CORE-FILE-L1-2-0.DLL] -> not found in project
  [API-MS-WIN-CORE-FILE-L1-2-2.DLL] -> not found in project
  [API-MS-WIN-CORE-IO-L1-1-0.DLL] -> not found in project
  [API-MS-WIN-CORE-FILE-L2-1-0.DLL] -> not found in project
  [API-MS-WIN-CORE-CONSOLE-L2-1-0.DLL] -> not found in project
  [API-MS-WIN-CORE-UTIL-L1-1-0.DLL] -> not found in project
  [API-MS-WIN-CORE-COM-L1-1-0.DLL] -> not found in project
  [OLEAUT32.DLL] -> not found in project
  [API-MS-WIN-CORE-INTERLOCKED-L1-1-0.DLL] -> not found in project
  [API-MS-WIN-CORE-WINRT-L1-1-0.DLL] -> not found in project
  [API-MS-WIN-CORE-WINRT-ERROR-L1-1-1.DLL] -> not found in project
  [API-MS-WIN-CORE-DEBUG-L1-1-0.DLL] -> not found in project
  [API-MS-WIN-CORE-NAMEDPIPE-L1-1-0.DLL] -> not found in project
  [API-MS-WIN-CORE-FIBERS-L1-1-0.DLL] -> not found in project
  [API-MS-WIN-CORE-DATETIME-L1-1-0.DLL] -> not found in project
------------------------------------------------

  
2026-07-28 21:22:39 INFO  (HeadlessAnalyzer) IMPORTING: Loaded 0 additional files  
2026-07-28 21:22:39 INFO  (HeadlessAnalyzer) ANALYZING all memory and code: file:///Users/tl/Desktop/MCBE/Clients/Oderso/1.26.3X.dll  
2026-07-28 21:22:39 WARN  (NoReturnFunctionAnalyzer) Ignoring leading '_' chars on no-return name '___raise_securityfailure' specified in file: /opt/homebrew/Cellar/ghidra/12.1.2/libexec/Ghidra/Features/Base/data/PEFunctionsThatDoNotReturn  
2026-07-28 21:22:39 WARN  (NoReturnFunctionAnalyzer) Ignoring leading '_' chars on no-return name '___report_rangecheckfailure' specified in file: /opt/homebrew/Cellar/ghidra/12.1.2/libexec/Ghidra/Features/Base/data/PEFunctionsThatDoNotReturn  
2026-07-28 21:22:39 INFO  (PdbUniversalAnalyzer) Skipping PDB processing: missing PDB information in program metadata  
2026-07-28 21:22:39 INFO  (PackedDatabaseCache) Packed database cache: /var/tmp/tl-ghidra/packed-db-cache  
2026-07-28 21:22:39 DEBUG (PackedDatabaseCache) Caching packed database: /opt/homebrew/Cellar/ghidra/12.1.2/libexec/Ghidra/Features/Base/data/typeinfo/win32/windows_vs12_64.gdt  
2026-07-28 21:22:39 DEBUG (PackedDatabase) Unpacking database /opt/homebrew/Cellar/ghidra/12.1.2/libexec/Ghidra/Features/Base/data/typeinfo/win32/windows_vs12_64.gdt -> /var/tmp/tl-ghidra/packed-db-cache/pdbAD7F9A56/db.1.gbf  
2026-07-28 21:22:39 DEBUG (PackedDatabaseCache) Cache update completed: /opt/homebrew/Cellar/ghidra/12.1.2/libexec/Ghidra/Features/Base/data/typeinfo/win32/windows_vs12_64.gdt  
2026-07-28 21:22:41 INFO  (TypeDescriptorModel) Unprocessed TypeDescriptor: enum EasyGifReader::Error  
2026-07-28 21:22:41 INFO  (TypeDescriptorModel) Unprocessed TypeDescriptor: enum EasyGifReader::Error  
2026-07-28 21:23:08 WARN  (DecompileCallback) Decompiling 180679360: Unable to read bytes at ram:183020103  
2026-07-28 21:24:40 INFO  (TypeDescriptorModel) Unprocessed TypeDescriptor: enum EasyGifReader::Error  
2026-07-28 21:24:40 INFO  (TypeDescriptorModel) Unprocessed TypeDescriptor: enum EasyGifReader::Error  
2026-07-28 21:24:40 INFO  (TypeDescriptorModel) Unprocessed TypeDescriptor: enum EasyGifReader::Error  
2026-07-28 21:24:40 INFO  (TypeDescriptorModel) Unprocessed TypeDescriptor: enum EasyGifReader::Error  
2026-07-28 21:24:40 INFO  (TypeDescriptorModel) Unprocessed TypeDescriptor: enum EasyGifReader::Error  
2026-07-28 21:24:40 INFO  (TypeDescriptorModel) Unprocessed TypeDescriptor: enum EasyGifReader::Error  
2026-07-28 21:24:53 INFO  (ApplyDataArchiveAnalyzer) Applied data type archive: windows_vs12_64  
2026-07-28 21:24:53 INFO  (ApplyDataArchiveAnalyzer) Applied data type archive: windows_vs12_64  
2026-07-28 21:25:15 DEBUG (NewFunctionStackAnalysisCmd) Failed to create variable (instruction at 1800ff143, stack-offset=-10, size=16): Data type does not fit within stack frame constraints (stack offset=-10, size=16  
2026-07-28 21:25:15 DEBUG (NewFunctionStackAnalysisCmd) Failed to create variable (instruction at 1800ff182, stack-offset=-10, size=16): Data type does not fit within stack frame constraints (stack offset=-10, size=28  
2026-07-28 21:25:31 INFO  (AutoAnalysisManager) -----------------------------------------------------
    ASCII Strings                              0.456 secs
    Apply Data Archives                        0.177 secs
    Call Convention ID                         0.071 secs
    Call-Fixup Installer                       0.074 secs
    Create Address Tables                      1.043 secs
    Create Address Tables - One Time           1.524 secs
    Create Function                            0.127 secs
    Data Reference                             1.736 secs
    Decompiler Switch Analysis                70.038 secs
    Demangler Microsoft                        0.364 secs
    Disassemble Entry Points                  12.647 secs
    Embedded Media                             0.051 secs
    External Entry References                  0.000 secs
    Function ID                                4.744 secs
    Non-Returning Functions - Discovered       5.183 secs
    Non-Returning Functions - Known            0.038 secs
    PDB Universal                              0.001 secs
    Reference                                  1.503 secs
    Scalar Operand References                  6.165 secs
    Shared Return Calls                        0.912 secs
    Stack                                     32.675 secs
    Subroutine References                      0.996 secs
    Subroutine References - One Time           0.007 secs
    Windows x86 PE Exception Handling          5.013 secs
    Windows x86 PE RTTI Analyzer               0.328 secs
    Windows x86 Thread Environment Block (TEB) Analyzer     0.009 secs
    WindowsResourceReference                   1.595 secs
    x86 Constant Reference Analyzer           24.860 secs
-----------------------------------------------------
     Total Time   172 secs
-----------------------------------------------------
  
2026-07-28 21:25:31 INFO  (HeadlessAnalyzer) REPORT: Analysis succeeded for file: file:///Users/tl/Desktop/MCBE/Clients/Oderso/1.26.3X.dll  
2026-07-28 21:25:31 INFO  (HeadlessAnalyzer) REPORT: Execute script: DecompileAllWithDataPointers.java '/Users/tl/Desktop/MCBE/Clients/Oderso/ghidra_decompiled_1.26.3X_new.c'   
2026-07-28 21:25:31 ERROR (HeadlessAnalyzer) REPORT SCRIPT ERROR: DecompileAllWithDataPointers.java : The class could not be found. It must be the public class of the .java file: DecompileAllWithDataPointers not found by 9c179afc [2] ghidra.app.script.GhidraScriptLoadException: The class could not be found. It must be the public class of the .java file: DecompileAllWithDataPointers not found by 9c179afc [2]
	at ghidra.app.script.JavaScriptProvider.getScriptInstance(JavaScriptProvider.java:114)
	at ghidra.app.util.headless.HeadlessAnalyzer.runScriptsList(HeadlessAnalyzer.java:927)
	at ghidra.app.util.headless.HeadlessAnalyzer.analyzeProgram(HeadlessAnalyzer.java:1097)
	at ghidra.app.util.headless.HeadlessAnalyzer.processFileWithImport(HeadlessAnalyzer.java:1595)
	at ghidra.app.util.headless.HeadlessAnalyzer.processWithLoader(HeadlessAnalyzer.java:1755)
	at ghidra.app.util.headless.HeadlessAnalyzer.processWithImport(HeadlessAnalyzer.java:1696)
	at ghidra.app.util.headless.HeadlessAnalyzer.processWithImport(HeadlessAnalyzer.java:1780)
	at ghidra.app.util.headless.HeadlessAnalyzer.processLocal(HeadlessAnalyzer.java:464)
	at ghidra.app.util.headless.AnalyzeHeadless.launch(AnalyzeHeadless.java:199)
	at ghidra.GhidraLauncher.launch(GhidraLauncher.java:81)
	at ghidra.Ghidra.main(Ghidra.java:54)
Caused by: java.lang.ClassNotFoundException: DecompileAllWithDataPointers not found by 9c179afc [2]
	at org.apache.felix.framework.BundleWiringImpl.findClassOrResourceByDelegation(BundleWiringImpl.java:1591)
	at org.apache.felix.framework.BundleWiringImpl.access$300(BundleWiringImpl.java:79)
	at org.apache.felix.framework.BundleWiringImpl$BundleClassLoader.loadClass(BundleWiringImpl.java:1976)
	at java.base/java.lang.ClassLoader.loadClass(ClassLoader.java:526)
	at org.apache.felix.framework.Felix.loadBundleClass(Felix.java:2116)
	at org.apache.felix.framework.BundleImpl.loadClass(BundleImpl.java:986)
	at ghidra.app.script.JavaScriptProvider.loadClass(JavaScriptProvider.java:166)
	at ghidra.app.script.JavaScriptProvider.getScriptInstance(JavaScriptProvider.java:97)
	... 10 more
 
2026-07-28 21:25:31 INFO  (HeadlessAnalyzer) ANALYZING changes made by post scripts: file:///Users/tl/Desktop/MCBE/Clients/Oderso/1.26.3X.dll  
2026-07-28 21:25:31 INFO  (HeadlessAnalyzer) REPORT: Post-analysis succeeded for file: file:///Users/tl/Desktop/MCBE/Clients/Oderso/1.26.3X.dll  
2026-07-28 21:25:32 INFO  (LocalFileSystem) /1.26.3X.dll: file created (tl)  
2026-07-28 21:25:32 INFO  (HeadlessAnalyzer) REPORT: Save succeeded for: /1.26.3X.dll (Oderso_1_26_3X:/1.26.3X.dll)  
2026-07-28 21:25:32 INFO  (HeadlessAnalyzer) REPORT: Import succeeded  
2026-07-28 21:26:06 INFO  (LoggingInitialization) Using log config file: jar:file:/opt/homebrew/Cellar/ghidra/12.1.2/libexec/Ghidra/Framework/Generic/lib/Generic.jar!/generic.log4j.xml  
2026-07-28 21:26:06 INFO  (LoggingInitialization) Using log file: /Users/tl/Desktop/MCBE/Clients/Oderso/ghidra_analyze.log  
2026-07-28 21:26:06 DEBUG (GhidraObjectInputFilter) Including serial input filter: FileSystem/data/client.rmi.serial.filter  
2026-07-28 21:26:06 INFO  (Preferences) Loading user preferences: /Users/tl/Library/ghidra/ghidra_12.1.2_PUBLIC/preferences  
2026-07-28 21:26:06 INFO  (ClassSearcher) Searching for classes...  
2026-07-28 21:26:07 INFO  (ClassSearcher) Class search complete (621 ms)  
2026-07-28 21:26:07 INFO  (DefaultSSLContextInitializer) Initializing SSL Context  
2026-07-28 21:26:07 INFO  (SecureRandomFactory) Initializing Random Number Generator...  
2026-07-28 21:26:07 INFO  (SecureRandomFactory) Random Number Generator initialization complete: NativePRNGNonBlocking  
2026-07-28 21:26:07 INFO  (DefaultTrustManagerFactory) Trust manager disabled, cacerts have not been set  
2026-07-28 21:26:07 INFO  (AnalyzeHeadless) Headless startup complete (1284 ms)  
2026-07-28 21:26:07 INFO  (ClassSearcher) Class searcher loaded 59 extension points (20 false positives)  
2026-07-28 21:26:07 INFO  (HeadlessAnalyzer) HEADLESS Script Paths:
    /opt/homebrew/Cellar/ghidra/12.1.2/libexec/Ghidra/Features/SystemEmulation/ghidra_scripts
    /opt/homebrew/Cellar/ghidra/12.1.2/libexec/Ghidra/Features/Base/ghidra_scripts
    /opt/homebrew/Cellar/ghidra/12.1.2/libexec/Ghidra/Features/FunctionID/ghidra_scripts
    /opt/homebrew/Cellar/ghidra/12.1.2/libexec/Ghidra/Features/WildcardAssembler/ghidra_scripts
    /opt/homebrew/Cellar/ghidra/12.1.2/libexec/Ghidra/Features/MicrosoftCodeAnalyzer/ghidra_scripts
    /Users/tl/Desktop/MCBE/Clients/Oderso/ghidra_scripts
    /opt/homebrew/Cellar/ghidra/12.1.2/libexec/Ghidra/Features/FileFormats/ghidra_scripts
    /opt/homebrew/Cellar/ghidra/12.1.2/libexec/Ghidra/Processors/Atmel/ghidra_scripts
    /opt/homebrew/Cellar/ghidra/12.1.2/libexec/Ghidra/Features/DecompilerDependent/ghidra_scripts
    /opt/homebrew/Cellar/ghidra/12.1.2/libexec/Ghidra/Processors/8051/ghidra_scripts
    /opt/homebrew/Cellar/ghidra/12.1.2/libexec/Ghidra/Processors/DATA/ghidra_scripts
    /opt/homebrew/Cellar/ghidra/12.1.2/libexec/Ghidra/Processors/JVM/ghidra_scripts
    /opt/homebrew/Cellar/ghidra/12.1.2/libexec/Ghidra/Features/GnuDemangler/ghidra_scripts
    /opt/homebrew/Cellar/ghidra/12.1.2/libexec/Ghidra/Debug/Debugger/ghidra_scripts
    /opt/homebrew/Cellar/ghidra/12.1.2/libexec/Ghidra/Features/BSim/ghidra_scripts
    /opt/homebrew/Cellar/ghidra/12.1.2/libexec/Ghidra/Features/BytePatterns/ghidra_scripts
    /opt/homebrew/Cellar/ghidra/12.1.2/libexec/Ghidra/Features/PyGhidra/ghidra_scripts
    /opt/homebrew/Cellar/ghidra/12.1.2/libexec/Ghidra/Debug/Debugger-rmi-trace/ghidra_scripts
    /opt/homebrew/Cellar/ghidra/12.1.2/libexec/Ghidra/Features/Decompiler/ghidra_scripts
    /opt/homebrew/Cellar/ghidra/12.1.2/libexec/Ghidra/Features/SwiftDemangler/ghidra_scripts
    /opt/homebrew/Cellar/ghidra/12.1.2/libexec/Ghidra/Features/VersionTracking/ghidra_scripts
    /opt/homebrew/Cellar/ghidra/12.1.2/libexec/Ghidra/Features/PDB/ghidra_scripts
    /opt/homebrew/Cellar/ghidra/12.1.2/libexec/Ghidra/Processors/PIC/ghidra_scripts  
2026-07-28 21:26:07 INFO  (HeadlessAnalyzer) HEADLESS: execution starts  
2026-07-28 21:26:07 INFO  (HeadlessAnalyzer) Creating temporary project: /Users/tl/Desktop/MCBE/Clients/Oderso/ghidra_project/Oderso_1_26_3X  
2026-07-28 21:26:07 INFO  (DefaultProject) Creating project: /Users/tl/Desktop/MCBE/Clients/Oderso/ghidra_project/Oderso_1_26_3X  
2026-07-28 21:26:07 INFO  (HeadlessAnalyzer) REPORT: Processing input files:   
2026-07-28 21:26:07 INFO  (HeadlessAnalyzer)      project: /Users/tl/Desktop/MCBE/Clients/Oderso/ghidra_project/Oderso_1_26_3X  
2026-07-28 21:26:07 INFO  (HeadlessAnalyzer) IMPORTING: file:///Users/tl/Desktop/MCBE/Clients/Oderso/1.26.3X.dll  
2026-07-28 21:26:08 INFO  (ProgramLoader) Using Loader: Portable Executable (PE)  
2026-07-28 21:26:08 INFO  (ProgramLoader) Using Language/Compiler: x86:LE:64:default:clangwindows  
2026-07-28 21:26:08 INFO  (ProgramLoader) Using Library Search Path: [., /System/Library/dyld/dyld_shared_cache_arm64e, /System/Library/dyld/dyld_shared_cache_x86_64, /System/Library/dyld/dyld_shared_cache_x86_64h, /System/Cryptexes/OS/System/Library/dyld/dyld_shared_cache_arm64e, /System/Cryptexes/OS/System/Library/dyld/dyld_shared_cache_x86_64, /System/Cryptexes/OS/System/Library/dyld/dyld_shared_cache_x86_64h, /Users/tl/Library/Java/Extensions, /Library/Java/Extensions, /Network/Library/Java/Extensions, /System/Library/Java/Extensions, /usr/lib/java]  
2026-07-28 21:26:08 INFO  (TLSDirectory) TLS callbacks at 180765df0  
2026-07-28 21:26:12 INFO  (FileSystemInstanceManager) Removing 2 unused filesystems from cache  
2026-07-28 21:26:12 DEBUG (FileSystemInstanceManager) Closing unused filesystem [file:///System/Cryptexes/OS/System/Library/dyld/dyld_shared_cache_arm64e?MD5=668ee4d698ad9972b88d96cdb62e0f12]  
2026-07-28 21:26:12 DEBUG (FileSystemInstanceManager) Closing unused filesystem [file:///System/Cryptexes/OS/System/Library/dyld/dyld_shared_cache_x86_64?MD5=fb0feb7073484f4b924e830e5e28dd26]  
2026-07-28 21:26:13 INFO  (ProgramLoader) Additional info:
Loading file:///Users/tl/Desktop/MCBE/Clients/Oderso/1.26.3X.dll?MD5=4ff69d15d6d0621341d924bda6b7472e...
------------------------------------------------

Searching 4 paths for library API-MS-WIN-CORE-COM-L1-1-0.DLL...
Library not found.
------------------------------------------------

Searching 4 paths for library API-MS-WIN-CORE-CONSOLE-L1-1-0.DLL...
Library not found.
------------------------------------------------

Searching 4 paths for library API-MS-WIN-CORE-CONSOLE-L2-1-0.DLL...
Library not found.
------------------------------------------------

Searching 4 paths for library API-MS-WIN-CORE-DATETIME-L1-1-0.DLL...
Library not found.
------------------------------------------------

Searching 4 paths for library API-MS-WIN-CORE-DEBUG-L1-1-0.DLL...
Library not found.
------------------------------------------------

Searching 4 paths for library API-MS-WIN-CORE-ERRORHANDLING-L1-1-0.DLL...
Library not found.
------------------------------------------------

Searching 4 paths for library API-MS-WIN-CORE-FIBERS-L1-1-0.DLL...
Library not found.
------------------------------------------------

Searching 4 paths for library API-MS-WIN-CORE-FILE-L1-1-0.DLL...
Library not found.
------------------------------------------------

Searching 4 paths for library API-MS-WIN-CORE-FILE-L1-2-0.DLL...
Library not found.
------------------------------------------------

Searching 4 paths for library API-MS-WIN-CORE-FILE-L1-2-2.DLL...
Library not found.
------------------------------------------------

Searching 4 paths for library API-MS-WIN-CORE-FILE-L2-1-0.DLL...
Library not found.
------------------------------------------------

Searching 4 paths for library API-MS-WIN-CORE-HANDLE-L1-1-0.DLL...
Library not found.
------------------------------------------------

Searching 4 paths for library API-MS-WIN-CORE-HEAP-L1-1-0.DLL...
Library not found.
------------------------------------------------

Searching 4 paths for library API-MS-WIN-CORE-HEAP-L2-1-0.DLL...
Library not found.
------------------------------------------------

Searching 4 paths for library API-MS-WIN-CORE-HEAP-OBSOLETE-L1-1-0.DLL...
Library not found.
------------------------------------------------

Searching 4 paths for library API-MS-WIN-CORE-INTERLOCKED-L1-1-0.DLL...
Library not found.
------------------------------------------------

Searching 4 paths for library API-MS-WIN-CORE-IO-L1-1-0.DLL...
Library not found.
------------------------------------------------

Searching 4 paths for library API-MS-WIN-CORE-LIBRARYLOADER-L1-2-0.DLL...
Library not found.
------------------------------------------------

Searching 4 paths for library API-MS-WIN-CORE-LIBRARYLOADER-L1-2-1.DLL...
Library not found.
------------------------------------------------

Searching 4 paths for library API-MS-WIN-CORE-LOCALIZATION-L1-2-0.DLL...
Library not found.
------------------------------------------------

Searching 4 paths for library API-MS-WIN-CORE-MEMORY-L1-1-0.DLL...
Library not found.
------------------------------------------------

Searching 4 paths for library API-MS-WIN-CORE-NAMEDPIPE-L1-1-0.DLL...
Library not found.
------------------------------------------------

Searching 4 paths for library API-MS-WIN-CORE-PROCESSENVIRONMENT-L1-1-0.DLL...
Library not found.
------------------------------------------------

Searching 4 paths for library API-MS-WIN-CORE-PROCESSTHREADS-L1-1-0.DLL...
Library not found.
------------------------------------------------

Searching 4 paths for library API-MS-WIN-CORE-PROCESSTHREADS-L1-1-1.DLL...
Library not found.
------------------------------------------------

Searching 4 paths for library API-MS-WIN-CORE-PROFILE-L1-1-0.DLL...
Library not found.
------------------------------------------------

Searching 4 paths for library API-MS-WIN-CORE-RTLSUPPORT-L1-1-0.DLL...
Library not found.
------------------------------------------------

Searching 4 paths for library API-MS-WIN-CORE-STRING-L1-1-0.DLL...
Library not found.
------------------------------------------------

Searching 4 paths for library API-MS-WIN-CORE-SYNCH-L1-1-0.DLL...
Library not found.
------------------------------------------------

Searching 4 paths for library API-MS-WIN-CORE-SYNCH-L1-2-0.DLL...
Library not found.
------------------------------------------------

Searching 4 paths for library API-MS-WIN-CORE-SYSINFO-L1-1-0.DLL...
Library not found.
------------------------------------------------

Searching 4 paths for library API-MS-WIN-CORE-SYSINFO-L1-2-0.DLL...
Library not found.
------------------------------------------------

Searching 4 paths for library API-MS-WIN-CORE-THREADPOOL-L1-2-0.DLL...
Library not found.
------------------------------------------------

Searching 4 paths for library API-MS-WIN-CORE-TIMEZONE-L1-1-0.DLL...
Library not found.
------------------------------------------------

Searching 4 paths for library API-MS-WIN-CORE-TOOLHELP-L1-1-0.DLL...
Library not found.
------------------------------------------------

Searching 4 paths for library API-MS-WIN-CORE-UTIL-L1-1-0.DLL...
Library not found.
------------------------------------------------

Searching 4 paths for library API-MS-WIN-CORE-WINRT-ERROR-L1-1-1.DLL...
Library not found.
------------------------------------------------

Searching 4 paths for library API-MS-WIN-CORE-WINRT-L1-1-0.DLL...
Library not found.
------------------------------------------------

Searching 4 paths for library KERNEL32.DLL...
Library not found.
------------------------------------------------

Searching 4 paths for library OLEAUT32.DLL...
Library not found.
------------------------------------------------

Searching 4 paths for library SHELL32.DLL...
Library not found.
------------------------------------------------

Searching 4 paths for library URLMON.DLL...
Library not found.
------------------------------------------------

Searching 4 paths for library USER32.DLL...
Library not found.
------------------------------------------------

Searching 4 paths for library VERSION.DLL...
Library not found.
------------------------------------------------

Searching 4 paths for library WININET.DLL...
Library not found.
------------------------------------------------

Linking the External Programs of '1.26.3X.dll' to imported libraries...
  [VERSION.DLL] -> not found in project
  [API-MS-WIN-CORE-PROCESSTHREADS-L1-1-0.DLL] -> not found in project
  [API-MS-WIN-CORE-LIBRARYLOADER-L1-2-0.DLL] -> not found in project
  [API-MS-WIN-CORE-PROCESSENVIRONMENT-L1-1-0.DLL] -> not found in project
  [API-MS-WIN-CORE-SYSINFO-L1-1-0.DLL] -> not found in project
  [API-MS-WIN-CORE-HEAP-L2-1-0.DLL] -> not found in project
  [API-MS-WIN-CORE-HEAP-OBSOLETE-L1-1-0.DLL] -> not found in project
  [API-MS-WIN-CORE-LIBRARYLOADER-L1-2-1.DLL] -> not found in project
  [API-MS-WIN-CORE-STRING-L1-1-0.DLL] -> not found in project
  [API-MS-WIN-CORE-PROFILE-L1-1-0.DLL] -> not found in project
  [API-MS-WIN-CORE-ERRORHANDLING-L1-1-0.DLL] -> not found in project
  [API-MS-WIN-CORE-SYNCH-L1-2-0.DLL] -> not found in project
  [API-MS-WIN-CORE-MEMORY-L1-1-0.DLL] -> not found in project
  [KERNEL32.DLL] -> not found in project
  [USER32.DLL] -> not found in project
  [SHELL32.DLL] -> not found in project
  [WININET.DLL] -> not found in project
  [URLMON.DLL] -> not found in project
  [API-MS-WIN-CORE-HEAP-L1-1-0.DLL] -> not found in project
  [API-MS-WIN-CORE-HANDLE-L1-1-0.DLL] -> not found in project
  [API-MS-WIN-CORE-PROCESSTHREADS-L1-1-1.DLL] -> not found in project
  [API-MS-WIN-CORE-TOOLHELP-L1-1-0.DLL] -> not found in project
  [API-MS-WIN-CORE-CONSOLE-L1-1-0.DLL] -> not found in project
  [API-MS-WIN-CORE-TIMEZONE-L1-1-0.DLL] -> not found in project
  [API-MS-WIN-CORE-FILE-L1-1-0.DLL] -> not found in project
  [API-MS-WIN-CORE-SYNCH-L1-1-0.DLL] -> not found in project
  [API-MS-WIN-CORE-THREADPOOL-L1-2-0.DLL] -> not found in project
  [API-MS-WIN-CORE-LOCALIZATION-L1-2-0.DLL] -> not found in project
  [API-MS-WIN-CORE-RTLSUPPORT-L1-1-0.DLL] -> not found in project
  [API-MS-WIN-CORE-SYSINFO-L1-2-0.DLL] -> not found in project
  [API-MS-WIN-CORE-FILE-L1-2-0.DLL] -> not found in project
  [API-MS-WIN-CORE-FILE-L1-2-2.DLL] -> not found in project
  [API-MS-WIN-CORE-IO-L1-1-0.DLL] -> not found in project
  [API-MS-WIN-CORE-FILE-L2-1-0.DLL] -> not found in project
  [API-MS-WIN-CORE-CONSOLE-L2-1-0.DLL] -> not found in project
  [API-MS-WIN-CORE-UTIL-L1-1-0.DLL] -> not found in project
  [API-MS-WIN-CORE-COM-L1-1-0.DLL] -> not found in project
  [OLEAUT32.DLL] -> not found in project
  [API-MS-WIN-CORE-INTERLOCKED-L1-1-0.DLL] -> not found in project
  [API-MS-WIN-CORE-WINRT-L1-1-0.DLL] -> not found in project
  [API-MS-WIN-CORE-WINRT-ERROR-L1-1-1.DLL] -> not found in project
  [API-MS-WIN-CORE-DEBUG-L1-1-0.DLL] -> not found in project
  [API-MS-WIN-CORE-NAMEDPIPE-L1-1-0.DLL] -> not found in project
  [API-MS-WIN-CORE-FIBERS-L1-1-0.DLL] -> not found in project
  [API-MS-WIN-CORE-DATETIME-L1-1-0.DLL] -> not found in project
------------------------------------------------

  
2026-07-28 21:26:13 INFO  (HeadlessAnalyzer) IMPORTING: Loaded 0 additional files  
2026-07-28 21:26:13 INFO  (HeadlessAnalyzer) ANALYZING all memory and code: file:///Users/tl/Desktop/MCBE/Clients/Oderso/1.26.3X.dll  
2026-07-28 21:26:13 WARN  (NoReturnFunctionAnalyzer) Ignoring leading '_' chars on no-return name '___raise_securityfailure' specified in file: /opt/homebrew/Cellar/ghidra/12.1.2/libexec/Ghidra/Features/Base/data/PEFunctionsThatDoNotReturn  
2026-07-28 21:26:13 WARN  (NoReturnFunctionAnalyzer) Ignoring leading '_' chars on no-return name '___report_rangecheckfailure' specified in file: /opt/homebrew/Cellar/ghidra/12.1.2/libexec/Ghidra/Features/Base/data/PEFunctionsThatDoNotReturn  
2026-07-28 21:26:13 INFO  (PdbUniversalAnalyzer) Skipping PDB processing: missing PDB information in program metadata  
2026-07-28 21:26:13 INFO  (PackedDatabaseCache) Packed database cache: /var/tmp/tl-ghidra/packed-db-cache  
2026-07-28 21:26:13 DEBUG (PackedDatabaseCache) Using cached packed database: /opt/homebrew/Cellar/ghidra/12.1.2/libexec/Ghidra/Features/Base/data/typeinfo/win32/windows_vs12_64.gdt  
2026-07-28 21:26:15 INFO  (TypeDescriptorModel) Unprocessed TypeDescriptor: enum EasyGifReader::Error  
2026-07-28 21:26:15 INFO  (TypeDescriptorModel) Unprocessed TypeDescriptor: enum EasyGifReader::Error  
2026-07-28 21:26:45 WARN  (DecompileCallback) Decompiling 180679360: Unable to read bytes at ram:183020103  
2026-07-28 21:28:16 INFO  (TypeDescriptorModel) Unprocessed TypeDescriptor: enum EasyGifReader::Error  
2026-07-28 21:28:16 INFO  (TypeDescriptorModel) Unprocessed TypeDescriptor: enum EasyGifReader::Error  
2026-07-28 21:28:17 INFO  (TypeDescriptorModel) Unprocessed TypeDescriptor: enum EasyGifReader::Error  
2026-07-28 21:28:17 INFO  (TypeDescriptorModel) Unprocessed TypeDescriptor: enum EasyGifReader::Error  
2026-07-28 21:28:17 INFO  (TypeDescriptorModel) Unprocessed TypeDescriptor: enum EasyGifReader::Error  
2026-07-28 21:28:17 INFO  (TypeDescriptorModel) Unprocessed TypeDescriptor: enum EasyGifReader::Error  
2026-07-28 21:28:30 INFO  (ApplyDataArchiveAnalyzer) Applied data type archive: windows_vs12_64  
2026-07-28 21:28:30 INFO  (ApplyDataArchiveAnalyzer) Applied data type archive: windows_vs12_64  
2026-07-28 21:28:50 DEBUG (NewFunctionStackAnalysisCmd) Failed to create variable (instruction at 1800ff143, stack-offset=-10, size=16): Data type does not fit within stack frame constraints (stack offset=-10, size=16  
2026-07-28 21:28:50 DEBUG (NewFunctionStackAnalysisCmd) Failed to create variable (instruction at 1800ff182, stack-offset=-10, size=16): Data type does not fit within stack frame constraints (stack offset=-10, size=28  
2026-07-28 21:29:06 INFO  (AutoAnalysisManager) -----------------------------------------------------
    ASCII Strings                              0.600 secs
    Apply Data Archives                        0.177 secs
    Call Convention ID                         0.096 secs
    Call-Fixup Installer                       0.073 secs
    Create Address Tables                      0.977 secs
    Create Address Tables - One Time           1.385 secs
    Create Function                            0.124 secs
    Data Reference                             1.619 secs
    Decompiler Switch Analysis                72.394 secs
    Demangler Microsoft                        0.316 secs
    Disassemble Entry Points                  12.736 secs
    Embedded Media                             0.065 secs
    External Entry References                  0.000 secs
    Function ID                                4.743 secs
    Non-Returning Functions - Discovered       5.239 secs
    Non-Returning Functions - Known            0.035 secs
    PDB Universal                              0.001 secs
    Reference                                  1.439 secs
    Scalar Operand References                  6.268 secs
    Shared Return Calls                        0.905 secs
    Stack                                     32.279 secs
    Subroutine References                      1.042 secs
    Subroutine References - One Time           0.011 secs
    Windows x86 PE Exception Handling          5.190 secs
    Windows x86 PE RTTI Analyzer               0.264 secs
    Windows x86 Thread Environment Block (TEB) Analyzer     0.009 secs
    WindowsResourceReference                   0.271 secs
    x86 Constant Reference Analyzer           24.838 secs
-----------------------------------------------------
     Total Time   173 secs
-----------------------------------------------------
  
2026-07-28 21:29:06 INFO  (HeadlessAnalyzer) REPORT: Analysis succeeded for file: file:///Users/tl/Desktop/MCBE/Clients/Oderso/1.26.3X.dll  
2026-07-28 21:29:06 INFO  (HeadlessAnalyzer) REPORT: Execute script: DecompileAllWithDataPointers.java '/Users/tl/Desktop/MCBE/Clients/Oderso/ghidra_decompiled_1.26.3X_new.c'   
2026-07-28 21:29:07 INFO  (HeadlessAnalyzer) SCRIPT: /Users/tl/Desktop/MCBE/Clients/Oderso/ghidra_scripts/DecompileAllWithDataPointers.java  
2026-07-28 21:29:07 INFO  (GhidraScript) DecompileAllWithDataPointers.java> Scanning section .rdata (1620480 bytes) for code pointers...  
2026-07-28 21:29:07 INFO  (GhidraScript) DecompileAllWithDataPointers.java> Scanning section .data (37168 bytes) for code pointers...  
2026-07-28 21:29:07 INFO  (GhidraScript) DecompileAllWithDataPointers.java> Scanned 207206 pointers, created 966 new functions, skipped/failed 0 from .rdata/.data code pointers.  
2026-07-28 21:29:07 INFO  (GhidraScript) DecompileAllWithDataPointers.java> Re-analyzed changes.  
2026-07-28 21:31:16 INFO  (GhidraScript) DecompileAllWithDataPointers.java> Decompiled 500/19539 functions...  
2026-07-28 21:32:09 INFO  (GhidraScript) DecompileAllWithDataPointers.java> Decompiled 1000/19539 functions...  
2026-07-28 21:32:12 INFO  (GhidraScript) DecompileAllWithDataPointers.java> Decompiled 1500/19539 functions...  
2026-07-28 21:32:14 INFO  (GhidraScript) DecompileAllWithDataPointers.java> Decompiled 2000/19539 functions...  
2026-07-28 21:32:24 INFO  (GhidraScript) DecompileAllWithDataPointers.java> Decompiled 2500/19539 functions...  
2026-07-28 21:32:30 INFO  (GhidraScript) DecompileAllWithDataPointers.java> Decompiled 3000/19539 functions...  
2026-07-28 21:32:34 INFO  (GhidraScript) DecompileAllWithDataPointers.java> Decompiled 3500/19539 functions...  
2026-07-28 21:32:53 INFO  (GhidraScript) DecompileAllWithDataPointers.java> Decompiled 4000/19539 functions...  
2026-07-28 21:33:23 INFO  (GhidraScript) DecompileAllWithDataPointers.java> Decompiled 4500/19539 functions...  
2026-07-28 21:33:30 INFO  (GhidraScript) DecompileAllWithDataPointers.java> Decompiled 5000/19539 functions...  
2026-07-28 21:33:39 INFO  (GhidraScript) DecompileAllWithDataPointers.java> Decompiled 5500/19539 functions...  
2026-07-28 21:33:49 INFO  (GhidraScript) DecompileAllWithDataPointers.java> Decompiled 6000/19539 functions...  
2026-07-28 21:33:58 INFO  (GhidraScript) DecompileAllWithDataPointers.java> Decompiled 6500/19539 functions...  
2026-07-28 21:34:41 INFO  (GhidraScript) DecompileAllWithDataPointers.java> Decompiled 7000/19539 functions...  
2026-07-28 21:35:46 INFO  (GhidraScript) DecompileAllWithDataPointers.java> Decompiled 7500/19539 functions...  
2026-07-28 21:35:48 INFO  (GhidraScript) DecompileAllWithDataPointers.java> Decompiled 8000/19539 functions...  
2026-07-28 21:36:17 INFO  (GhidraScript) DecompileAllWithDataPointers.java> Decompiled 8500/19539 functions...  
2026-07-28 21:36:28 INFO  (GhidraScript) DecompileAllWithDataPointers.java> Decompiled 9000/19539 functions...  
2026-07-28 21:37:44 INFO  (GhidraScript) DecompileAllWithDataPointers.java> Decompiled 9500/19539 functions...  
2026-07-28 21:37:55 INFO  (GhidraScript) DecompileAllWithDataPointers.java> Decompiled 10000/19539 functions...  
2026-07-28 21:38:03 INFO  (GhidraScript) DecompileAllWithDataPointers.java> Decompiled 10500/19539 functions...  
2026-07-28 21:38:12 INFO  (GhidraScript) DecompileAllWithDataPointers.java> Decompiled 11000/19539 functions...  
2026-07-28 21:38:29 INFO  (GhidraScript) DecompileAllWithDataPointers.java> Decompiled 11500/19539 functions...  
2026-07-28 21:39:30 INFO  (GhidraScript) DecompileAllWithDataPointers.java> Decompiled 12000/19539 functions...  
2026-07-28 21:40:23 INFO  (GhidraScript) DecompileAllWithDataPointers.java> Decompiled 12500/19539 functions...  
2026-07-28 21:40:29 INFO  (GhidraScript) DecompileAllWithDataPointers.java> Decompiled 13000/19539 functions...  
2026-07-28 21:40:34 INFO  (GhidraScript) DecompileAllWithDataPointers.java> Decompiled 13500/19539 functions...  
2026-07-28 21:41:02 INFO  (GhidraScript) DecompileAllWithDataPointers.java> Decompiled 14000/19539 functions...  
2026-07-28 21:41:19 INFO  (GhidraScript) DecompileAllWithDataPointers.java> Decompiled 14500/19539 functions...  
2026-07-28 21:41:27 INFO  (GhidraScript) DecompileAllWithDataPointers.java> Decompiled 15000/19539 functions...  
2026-07-28 21:41:34 INFO  (GhidraScript) DecompileAllWithDataPointers.java> Decompiled 15500/19539 functions...  
2026-07-28 21:41:54 INFO  (GhidraScript) DecompileAllWithDataPointers.java> Decompiled 16000/19539 functions...  
2026-07-28 21:43:25 INFO  (GhidraScript) DecompileAllWithDataPointers.java> Decompiled 16500/19539 functions...  
2026-07-28 21:44:49 INFO  (GhidraScript) DecompileAllWithDataPointers.java> Decompiled 17000/19539 functions...  
2026-07-28 21:45:13 INFO  (GhidraScript) DecompileAllWithDataPointers.java> Decompiled 17500/19539 functions...  
2026-07-28 21:45:16 INFO  (GhidraScript) DecompileAllWithDataPointers.java> Decompiled 18000/19539 functions...  
2026-07-28 21:45:19 WARN  (DecompileCallback) Decompiling 180679360: Unable to read bytes at ram:183020103  
2026-07-28 21:46:20 INFO  (GhidraScript) DecompileAllWithDataPointers.java> Decompiled 18500/19539 functions...  
2026-07-28 21:46:23 INFO  (GhidraScript) DecompileAllWithDataPointers.java> Decompiled 19000/19539 functions...  
2026-07-28 21:46:26 INFO  (GhidraScript) DecompileAllWithDataPointers.java> Decompiled 19500/19539 functions...  
2026-07-28 21:46:26 INFO  (GhidraScript) DecompileAllWithDataPointers.java> Finished. Total=19539 Success=19358 Failed=181  
2026-07-28 21:46:26 INFO  (GhidraScript) DecompileAllWithDataPointers.java> Output: /Users/tl/Desktop/MCBE/Clients/Oderso/ghidra_decompiled_1.26.3X_new.c  
2026-07-28 21:46:26 INFO  (HeadlessAnalyzer) ANALYZING changes made by post scripts: file:///Users/tl/Desktop/MCBE/Clients/Oderso/1.26.3X.dll  
2026-07-28 21:46:26 INFO  (HeadlessAnalyzer) REPORT: Post-analysis succeeded for file: file:///Users/tl/Desktop/MCBE/Clients/Oderso/1.26.3X.dll  
2026-07-28 21:46:26 INFO  (LocalFileSystem) /1.26.3X.dll: file created (tl)  
2026-07-28 21:46:26 INFO  (HeadlessAnalyzer) REPORT: Save succeeded for: /1.26.3X.dll (Oderso_1_26_3X:/1.26.3X.dll)  
2026-07-28 21:46:26 INFO  (HeadlessAnalyzer) REPORT: Import succeeded  
