2026-07-28 22:07:28 INFO  (LoggingInitialization) Using log config file: jar:file:/opt/homebrew/Cellar/ghidra/12.1.2/libexec/Ghidra/Framework/Generic/lib/Generic.jar!/generic.log4j.xml  
2026-07-28 22:07:28 INFO  (LoggingInitialization) Using log file: /Users/tl/Desktop/MCBE/Clients/Oderso/ghidra_analyze2.log  
2026-07-28 22:07:28 DEBUG (GhidraObjectInputFilter) Including serial input filter: FileSystem/data/client.rmi.serial.filter  
2026-07-28 22:07:28 INFO  (Preferences) Loading user preferences: /Users/tl/Library/ghidra/ghidra_12.1.2_PUBLIC/preferences  
2026-07-28 22:07:28 INFO  (ClassSearcher) Searching for classes...  
2026-07-28 22:07:29 INFO  (ClassSearcher) Class search complete (591 ms)  
2026-07-28 22:07:29 INFO  (DefaultSSLContextInitializer) Initializing SSL Context  
2026-07-28 22:07:29 INFO  (SecureRandomFactory) Initializing Random Number Generator...  
2026-07-28 22:07:29 INFO  (SecureRandomFactory) Random Number Generator initialization complete: NativePRNGNonBlocking  
2026-07-28 22:07:29 INFO  (DefaultTrustManagerFactory) Trust manager disabled, cacerts have not been set  
2026-07-28 22:07:29 INFO  (AnalyzeHeadless) Headless startup complete (1245 ms)  
2026-07-28 22:07:29 INFO  (ClassSearcher) Class searcher loaded 59 extension points (20 false positives)  
2026-07-28 22:07:29 INFO  (HeadlessAnalyzer) HEADLESS Script Paths:
    /opt/homebrew/Cellar/ghidra/12.1.2/libexec/Ghidra/Features/SystemEmulation/ghidra_scripts
    /opt/homebrew/Cellar/ghidra/12.1.2/libexec/Ghidra/Features/Base/ghidra_scripts
    /opt/homebrew/Cellar/ghidra/12.1.2/libexec/Ghidra/Features/FunctionID/ghidra_scripts
    /opt/homebrew/Cellar/ghidra/12.1.2/libexec/Ghidra/Features/WildcardAssembler/ghidra_scripts
    /opt/homebrew/Cellar/ghidra/12.1.2/libexec/Ghidra/Features/MicrosoftCodeAnalyzer/ghidra_scripts
    /Users/tl/Desktop/MCBE/Clients/Oderso/ghidra_scripts
    /opt/homebrew/Cellar/ghidra/12.1.2/libexec/Ghidra/Features/FileFormats/ghidra_scripts
    /opt/homebrew/Cellar/ghidra/12.1.2/libexec/Ghidra/Processors/Atmel/ghidra_scripts
    /opt/homebrew/Cellar/ghidra/12.1.2/libexec/Ghidra/Features/DecompilerDependent/ghidra_scripts
    /opt/homebrew/Cellar/ghidra/12.1.2/libexec/Ghidra/Processors/8051/ghidra_scripts
    /opt/homebrew/Cellar/ghidra/12.1.2/libexec/Ghidra/Processors/DATA/ghidra_scripts
    /opt/homebrew/Cellar/ghidra/12.1.2/libexec/Ghidra/Processors/JVM/ghidra_scripts
    /opt/homebrew/Cellar/ghidra/12.1.2/libexec/Ghidra/Features/GnuDemangler/ghidra_scripts
    /opt/homebrew/Cellar/ghidra/12.1.2/libexec/Ghidra/Debug/Debugger/ghidra_scripts
    /opt/homebrew/Cellar/ghidra/12.1.2/libexec/Ghidra/Features/BSim/ghidra_scripts
    /opt/homebrew/Cellar/ghidra/12.1.2/libexec/Ghidra/Features/BytePatterns/ghidra_scripts
    /opt/homebrew/Cellar/ghidra/12.1.2/libexec/Ghidra/Features/PyGhidra/ghidra_scripts
    /opt/homebrew/Cellar/ghidra/12.1.2/libexec/Ghidra/Debug/Debugger-rmi-trace/ghidra_scripts
    /opt/homebrew/Cellar/ghidra/12.1.2/libexec/Ghidra/Features/Decompiler/ghidra_scripts
    /opt/homebrew/Cellar/ghidra/12.1.2/libexec/Ghidra/Features/SwiftDemangler/ghidra_scripts
    /opt/homebrew/Cellar/ghidra/12.1.2/libexec/Ghidra/Features/VersionTracking/ghidra_scripts
    /opt/homebrew/Cellar/ghidra/12.1.2/libexec/Ghidra/Features/PDB/ghidra_scripts
    /opt/homebrew/Cellar/ghidra/12.1.2/libexec/Ghidra/Processors/PIC/ghidra_scripts  
2026-07-28 22:07:29 INFO  (HeadlessAnalyzer) HEADLESS: execution starts  
2026-07-28 22:07:29 INFO  (HeadlessAnalyzer) Creating temporary project: /Users/tl/Desktop/MCBE/Clients/Oderso/ghidra_project/Oderso_1_26_3X_final  
2026-07-28 22:07:29 INFO  (DefaultProject) Creating project: /Users/tl/Desktop/MCBE/Clients/Oderso/ghidra_project/Oderso_1_26_3X_final  
2026-07-28 22:07:29 INFO  (HeadlessAnalyzer) REPORT: Processing input files:   
2026-07-28 22:07:29 INFO  (HeadlessAnalyzer)      project: /Users/tl/Desktop/MCBE/Clients/Oderso/ghidra_project/Oderso_1_26_3X_final  
2026-07-28 22:07:29 INFO  (HeadlessAnalyzer) IMPORTING: file:///Users/tl/Desktop/MCBE/Clients/Oderso/1.26.3X.dll  
2026-07-28 22:07:30 INFO  (ProgramLoader) Using Loader: Portable Executable (PE)  
2026-07-28 22:07:30 INFO  (ProgramLoader) Using Language/Compiler: x86:LE:64:default:clangwindows  
2026-07-28 22:07:30 INFO  (ProgramLoader) Using Library Search Path: [., /System/Library/dyld/dyld_shared_cache_arm64e, /System/Library/dyld/dyld_shared_cache_x86_64, /System/Library/dyld/dyld_shared_cache_x86_64h, /System/Cryptexes/OS/System/Library/dyld/dyld_shared_cache_arm64e, /System/Cryptexes/OS/System/Library/dyld/dyld_shared_cache_x86_64, /System/Cryptexes/OS/System/Library/dyld/dyld_shared_cache_x86_64h, /Users/tl/Library/Java/Extensions, /Library/Java/Extensions, /Network/Library/Java/Extensions, /System/Library/Java/Extensions, /usr/lib/java]  
2026-07-28 22:07:30 INFO  (TLSDirectory) TLS callbacks at 180765df0  
2026-07-28 22:07:34 INFO  (FileSystemInstanceManager) Removing 2 unused filesystems from cache  
2026-07-28 22:07:34 DEBUG (FileSystemInstanceManager) Closing unused filesystem [file:///System/Cryptexes/OS/System/Library/dyld/dyld_shared_cache_arm64e?MD5=668ee4d698ad9972b88d96cdb62e0f12]  
2026-07-28 22:07:34 DEBUG (FileSystemInstanceManager) Closing unused filesystem [file:///System/Cryptexes/OS/System/Library/dyld/dyld_shared_cache_x86_64?MD5=fb0feb7073484f4b924e830e5e28dd26]  
2026-07-28 22:07:35 INFO  (ProgramLoader) Additional info:
Loading file:///Users/tl/Desktop/MCBE/Clients/Oderso/1.26.3X.dll?MD5=4ff69d15d6d0621341d924bda6b7472e...
------------------------------------------------

Searching 4 paths for library API-MS-WIN-CORE-COM-L1-1-0.DLL...
Library not found.
------------------------------------------------

Searching 4 paths for library API-MS-WIN-CORE-CONSOLE-L1-1-0.DLL...
Library not found.
------------------------------------------------

Searching 4 paths for library API-MS-WIN-CORE-CONSOLE-L2-1-0.DLL...
Library not found.
------------------------------------------------

Searching 4 paths for library API-MS-WIN-CORE-DATETIME-L1-1-0.DLL...
Library not found.
------------------------------------------------

Searching 4 paths for library API-MS-WIN-CORE-DEBUG-L1-1-0.DLL...
Library not found.
------------------------------------------------

Searching 4 paths for library API-MS-WIN-CORE-ERRORHANDLING-L1-1-0.DLL...
Library not found.
------------------------------------------------

Searching 4 paths for library API-MS-WIN-CORE-FIBERS-L1-1-0.DLL...
Library not found.
------------------------------------------------

Searching 4 paths for library API-MS-WIN-CORE-FILE-L1-1-0.DLL...
Library not found.
------------------------------------------------

Searching 4 paths for library API-MS-WIN-CORE-FILE-L1-2-0.DLL...
Library not found.
------------------------------------------------

Searching 4 paths for library API-MS-WIN-CORE-FILE-L1-2-2.DLL...
Library not found.
------------------------------------------------

Searching 4 paths for library API-MS-WIN-CORE-FILE-L2-1-0.DLL...
Library not found.
------------------------------------------------

Searching 4 paths for library API-MS-WIN-CORE-HANDLE-L1-1-0.DLL...
Library not found.
------------------------------------------------

Searching 4 paths for library API-MS-WIN-CORE-HEAP-L1-1-0.DLL...
Library not found.
------------------------------------------------

Searching 4 paths for library API-MS-WIN-CORE-HEAP-L2-1-0.DLL...
Library not found.
------------------------------------------------

Searching 4 paths for library API-MS-WIN-CORE-HEAP-OBSOLETE-L1-1-0.DLL...
Library not found.
------------------------------------------------

Searching 4 paths for library API-MS-WIN-CORE-INTERLOCKED-L1-1-0.DLL...
Library not found.
------------------------------------------------

Searching 4 paths for library API-MS-WIN-CORE-IO-L1-1-0.DLL...
Library not found.
------------------------------------------------

Searching 4 paths for library API-MS-WIN-CORE-LIBRARYLOADER-L1-2-0.DLL...
Library not found.
------------------------------------------------

Searching 4 paths for library API-MS-WIN-CORE-LIBRARYLOADER-L1-2-1.DLL...
Library not found.
------------------------------------------------

Searching 4 paths for library API-MS-WIN-CORE-LOCALIZATION-L1-2-0.DLL...
Library not found.
------------------------------------------------

Searching 4 paths for library API-MS-WIN-CORE-MEMORY-L1-1-0.DLL...
Library not found.
------------------------------------------------

Searching 4 paths for library API-MS-WIN-CORE-NAMEDPIPE-L1-1-0.DLL...
Library not found.
------------------------------------------------

Searching 4 paths for library API-MS-WIN-CORE-PROCESSENVIRONMENT-L1-1-0.DLL...
Library not found.
------------------------------------------------

Searching 4 paths for library API-MS-WIN-CORE-PROCESSTHREADS-L1-1-0.DLL...
Library not found.
------------------------------------------------

Searching 4 paths for library API-MS-WIN-CORE-PROCESSTHREADS-L1-1-1.DLL...
Library not found.
------------------------------------------------

Searching 4 paths for library API-MS-WIN-CORE-PROFILE-L1-1-0.DLL...
Library not found.
------------------------------------------------

Searching 4 paths for library API-MS-WIN-CORE-RTLSUPPORT-L1-1-0.DLL...
Library not found.
------------------------------------------------

Searching 4 paths for library API-MS-WIN-CORE-STRING-L1-1-0.DLL...
Library not found.
------------------------------------------------

Searching 4 paths for library API-MS-WIN-CORE-SYNCH-L1-1-0.DLL...
Library not found.
------------------------------------------------

Searching 4 paths for library API-MS-WIN-CORE-SYNCH-L1-2-0.DLL...
Library not found.
------------------------------------------------

Searching 4 paths for library API-MS-WIN-CORE-SYSINFO-L1-1-0.DLL...
Library not found.
------------------------------------------------

Searching 4 paths for library API-MS-WIN-CORE-SYSINFO-L1-2-0.DLL...
Library not found.
------------------------------------------------

Searching 4 paths for library API-MS-WIN-CORE-THREADPOOL-L1-2-0.DLL...
Library not found.
------------------------------------------------

Searching 4 paths for library API-MS-WIN-CORE-TIMEZONE-L1-1-0.DLL...
Library not found.
------------------------------------------------

Searching 4 paths for library API-MS-WIN-CORE-TOOLHELP-L1-1-0.DLL...
Library not found.
------------------------------------------------

Searching 4 paths for library API-MS-WIN-CORE-UTIL-L1-1-0.DLL...
Library not found.
------------------------------------------------

Searching 4 paths for library API-MS-WIN-CORE-WINRT-ERROR-L1-1-1.DLL...
Library not found.
------------------------------------------------

Searching 4 paths for library API-MS-WIN-CORE-WINRT-L1-1-0.DLL...
Library not found.
------------------------------------------------

Searching 4 paths for library KERNEL32.DLL...
Library not found.
------------------------------------------------

Searching 4 paths for library OLEAUT32.DLL...
Library not found.
------------------------------------------------

Searching 4 paths for library SHELL32.DLL...
Library not found.
------------------------------------------------

Searching 4 paths for library URLMON.DLL...
Library not found.
------------------------------------------------

Searching 4 paths for library USER32.DLL...
Library not found.
------------------------------------------------

Searching 4 paths for library VERSION.DLL...
Library not found.
------------------------------------------------

Searching 4 paths for library WININET.DLL...
Library not found.
------------------------------------------------

Linking the External Programs of '1.26.3X.dll' to imported libraries...
  [VERSION.DLL] -> not found in project
  [API-MS-WIN-CORE-PROCESSTHREADS-L1-1-0.DLL] -> not found in project
  [API-MS-WIN-CORE-LIBRARYLOADER-L1-2-0.DLL] -> not found in project
  [API-MS-WIN-CORE-PROCESSENVIRONMENT-L1-1-0.DLL] -> not found in project
  [API-MS-WIN-CORE-SYSINFO-L1-1-0.DLL] -> not found in project
  [API-MS-WIN-CORE-HEAP-L2-1-0.DLL] -> not found in project
  [API-MS-WIN-CORE-HEAP-OBSOLETE-L1-1-0.DLL] -> not found in project
  [API-MS-WIN-CORE-LIBRARYLOADER-L1-2-1.DLL] -> not found in project
  [API-MS-WIN-CORE-STRING-L1-1-0.DLL] -> not found in project
  [API-MS-WIN-CORE-PROFILE-L1-1-0.DLL] -> not found in project
  [API-MS-WIN-CORE-ERRORHANDLING-L1-1-0.DLL] -> not found in project
  [API-MS-WIN-CORE-SYNCH-L1-2-0.DLL] -> not found in project
  [API-MS-WIN-CORE-MEMORY-L1-1-0.DLL] -> not found in project
  [KERNEL32.DLL] -> not found in project
  [USER32.DLL] -> not found in project
  [SHELL32.DLL] -> not found in project
  [WININET.DLL] -> not found in project
  [URLMON.DLL] -> not found in project
  [API-MS-WIN-CORE-HEAP-L1-1-0.DLL] -> not found in project
  [API-MS-WIN-CORE-HANDLE-L1-1-0.DLL] -> not found in project
  [API-MS-WIN-CORE-PROCESSTHREADS-L1-1-1.DLL] -> not found in project
  [API-MS-WIN-CORE-TOOLHELP-L1-1-0.DLL] -> not found in project
  [API-MS-WIN-CORE-CONSOLE-L1-1-0.DLL] -> not found in project
  [API-MS-WIN-CORE-TIMEZONE-L1-1-0.DLL] -> not found in project
  [API-MS-WIN-CORE-FILE-L1-1-0.DLL] -> not found in project
  [API-MS-WIN-CORE-SYNCH-L1-1-0.DLL] -> not found in project
  [API-MS-WIN-CORE-THREADPOOL-L1-2-0.DLL] -> not found in project
  [API-MS-WIN-CORE-LOCALIZATION-L1-2-0.DLL] -> not found in project
  [API-MS-WIN-CORE-RTLSUPPORT-L1-1-0.DLL] -> not found in project
  [API-MS-WIN-CORE-SYSINFO-L1-2-0.DLL] -> not found in project
  [API-MS-WIN-CORE-FILE-L1-2-0.DLL] -> not found in project
  [API-MS-WIN-CORE-FILE-L1-2-2.DLL] -> not found in project
  [API-MS-WIN-CORE-IO-L1-1-0.DLL] -> not found in project
  [API-MS-WIN-CORE-FILE-L2-1-0.DLL] -> not found in project
  [API-MS-WIN-CORE-CONSOLE-L2-1-0.DLL] -> not found in project
  [API-MS-WIN-CORE-UTIL-L1-1-0.DLL] -> not found in project
  [API-MS-WIN-CORE-COM-L1-1-0.DLL] -> not found in project
  [OLEAUT32.DLL] -> not found in project
  [API-MS-WIN-CORE-INTERLOCKED-L1-1-0.DLL] -> not found in project
  [API-MS-WIN-CORE-WINRT-L1-1-0.DLL] -> not found in project
  [API-MS-WIN-CORE-WINRT-ERROR-L1-1-1.DLL] -> not found in project
  [API-MS-WIN-CORE-DEBUG-L1-1-0.DLL] -> not found in project
  [API-MS-WIN-CORE-NAMEDPIPE-L1-1-0.DLL] -> not found in project
  [API-MS-WIN-CORE-FIBERS-L1-1-0.DLL] -> not found in project
  [API-MS-WIN-CORE-DATETIME-L1-1-0.DLL] -> not found in project
------------------------------------------------

  
2026-07-28 22:07:35 INFO  (HeadlessAnalyzer) IMPORTING: Loaded 0 additional files  
2026-07-28 22:07:35 INFO  (HeadlessAnalyzer) ANALYZING all memory and code: file:///Users/tl/Desktop/MCBE/Clients/Oderso/1.26.3X.dll  
2026-07-28 22:07:35 WARN  (NoReturnFunctionAnalyzer) Ignoring leading '_' chars on no-return name '___raise_securityfailure' specified in file: /opt/homebrew/Cellar/ghidra/12.1.2/libexec/Ghidra/Features/Base/data/PEFunctionsThatDoNotReturn  
2026-07-28 22:07:35 WARN  (NoReturnFunctionAnalyzer) Ignoring leading '_' chars on no-return name '___report_rangecheckfailure' specified in file: /opt/homebrew/Cellar/ghidra/12.1.2/libexec/Ghidra/Features/Base/data/PEFunctionsThatDoNotReturn  
2026-07-28 22:07:35 INFO  (PdbUniversalAnalyzer) Skipping PDB processing: missing PDB information in program metadata  
2026-07-28 22:07:35 INFO  (PackedDatabaseCache) Packed database cache: /var/tmp/tl-ghidra/packed-db-cache  
2026-07-28 22:07:35 DEBUG (PackedDatabaseCache) Using cached packed database: /opt/homebrew/Cellar/ghidra/12.1.2/libexec/Ghidra/Features/Base/data/typeinfo/win32/windows_vs12_64.gdt  
2026-07-28 22:07:36 INFO  (TypeDescriptorModel) Unprocessed TypeDescriptor: enum EasyGifReader::Error  
2026-07-28 22:07:36 INFO  (TypeDescriptorModel) Unprocessed TypeDescriptor: enum EasyGifReader::Error  
2026-07-28 22:08:01 WARN  (DecompileCallback) Decompiling 180679360: Unable to read bytes at ram:183020103  
2026-07-28 22:09:31 INFO  (TypeDescriptorModel) Unprocessed TypeDescriptor: enum EasyGifReader::Error  
2026-07-28 22:09:31 INFO  (TypeDescriptorModel) Unprocessed TypeDescriptor: enum EasyGifReader::Error  
2026-07-28 22:09:31 INFO  (TypeDescriptorModel) Unprocessed TypeDescriptor: enum EasyGifReader::Error  
2026-07-28 22:09:31 INFO  (TypeDescriptorModel) Unprocessed TypeDescriptor: enum EasyGifReader::Error  
2026-07-28 22:09:31 INFO  (TypeDescriptorModel) Unprocessed TypeDescriptor: enum EasyGifReader::Error  
2026-07-28 22:09:31 INFO  (TypeDescriptorModel) Unprocessed TypeDescriptor: enum EasyGifReader::Error  
2026-07-28 22:09:44 INFO  (ApplyDataArchiveAnalyzer) Applied data type archive: windows_vs12_64  
2026-07-28 22:09:44 INFO  (ApplyDataArchiveAnalyzer) Applied data type archive: windows_vs12_64  
2026-07-28 22:10:04 DEBUG (NewFunctionStackAnalysisCmd) Failed to create variable (instruction at 1800ff143, stack-offset=-10, size=16): Data type does not fit within stack frame constraints (stack offset=-10, size=16  
2026-07-28 22:10:04 DEBUG (NewFunctionStackAnalysisCmd) Failed to create variable (instruction at 1800ff182, stack-offset=-10, size=16): Data type does not fit within stack frame constraints (stack offset=-10, size=28  
2026-07-28 22:10:19 INFO  (AutoAnalysisManager) -----------------------------------------------------
    ASCII Strings                              0.504 secs
    Apply Data Archives                        0.170 secs
    Call Convention ID                         0.084 secs
    Call-Fixup Installer                       0.078 secs
    Create Address Tables                      0.938 secs
    Create Address Tables - One Time           1.456 secs
    Create Function                            0.112 secs
    Data Reference                             1.564 secs
    Decompiler Switch Analysis                69.003 secs
    Demangler Microsoft                        0.320 secs
    Disassemble Entry Points                  11.561 secs
    Embedded Media                             0.047 secs
    External Entry References                  0.000 secs
    Function ID                                4.613 secs
    Non-Returning Functions - Discovered       4.719 secs
    Non-Returning Functions - Known            0.038 secs
    PDB Universal                              0.001 secs
    Reference                                  1.372 secs
    Scalar Operand References                  5.933 secs
    Shared Return Calls                        0.860 secs
    Stack                                     31.296 secs
    Subroutine References                      0.908 secs
    Subroutine References - One Time           0.007 secs
    Windows x86 PE Exception Handling          5.057 secs
    Windows x86 PE RTTI Analyzer               0.297 secs
    Windows x86 Thread Environment Block (TEB) Analyzer     0.007 secs
    WindowsResourceReference                   0.279 secs
    x86 Constant Reference Analyzer           23.166 secs
-----------------------------------------------------
     Total Time   164 secs
-----------------------------------------------------
  
2026-07-28 22:10:19 INFO  (HeadlessAnalyzer) REPORT: Analysis succeeded for file: file:///Users/tl/Desktop/MCBE/Clients/Oderso/1.26.3X.dll  
2026-07-28 22:10:19 INFO  (HeadlessAnalyzer) REPORT: Execute script: DecompileAllWithDataPointers.java '/Users/tl/Desktop/MCBE/Clients/Oderso/ghidra_decompiled_1.26.3X_new.c'   
2026-07-28 22:10:20 INFO  (HeadlessAnalyzer) SCRIPT: /Users/tl/Desktop/MCBE/Clients/Oderso/ghidra_scripts/DecompileAllWithDataPointers.java  
2026-07-28 22:10:20 INFO  (GhidraScript) DecompileAllWithDataPointers.java> Scanning section .rdata (1620480 bytes) for code pointers...  
2026-07-28 22:10:20 INFO  (GhidraScript) DecompileAllWithDataPointers.java> Scanning section .data (37168 bytes) for code pointers...  
2026-07-28 22:10:20 INFO  (GhidraScript) DecompileAllWithDataPointers.java> Scanned 207206 pointers, created 966 new functions, skipped/failed 0 from .rdata/.data code pointers.  
2026-07-28 22:10:20 INFO  (GhidraScript) DecompileAllWithDataPointers.java> Re-analyzed changes.  
2026-07-28 22:11:45 INFO  (GhidraScript) DecompileAllWithDataPointers.java> Decompiled 500/19539 functions...  
2026-07-28 22:12:17 INFO  (GhidraScript) DecompileAllWithDataPointers.java> Decompiled 1000/19539 functions...  
2026-07-28 22:12:21 INFO  (GhidraScript) DecompileAllWithDataPointers.java> Decompiled 1500/19539 functions...  
2026-07-28 22:12:23 INFO  (GhidraScript) DecompileAllWithDataPointers.java> Decompiled 2000/19539 functions...  
2026-07-28 22:12:32 INFO  (GhidraScript) DecompileAllWithDataPointers.java> Decompiled 2500/19539 functions...  
2026-07-28 22:12:37 INFO  (GhidraScript) DecompileAllWithDataPointers.java> Decompiled 3000/19539 functions...  
2026-07-28 22:12:40 INFO  (GhidraScript) DecompileAllWithDataPointers.java> Decompiled 3500/19539 functions...  
2026-07-28 22:12:49 INFO  (GhidraScript) DecompileAllWithDataPointers.java> Decompiled 4000/19539 functions...  
2026-07-28 22:13:06 INFO  (GhidraScript) DecompileAllWithDataPointers.java> Decompiled 4500/19539 functions...  
2026-07-28 22:13:10 INFO  (GhidraScript) DecompileAllWithDataPointers.java> Decompiled 5000/19539 functions...  
2026-07-28 22:13:17 INFO  (GhidraScript) DecompileAllWithDataPointers.java> Decompiled 5500/19539 functions...  
2026-07-28 22:13:21 INFO  (GhidraScript) DecompileAllWithDataPointers.java> Decompiled 6000/19539 functions...  
2026-07-28 22:13:27 INFO  (GhidraScript) DecompileAllWithDataPointers.java> Decompiled 6500/19539 functions...  
2026-07-28 22:13:51 INFO  (GhidraScript) DecompileAllWithDataPointers.java> Decompiled 7000/19539 functions...  
2026-07-28 22:15:54 INFO  (GhidraScript) DecompileAllWithDataPointers.java> Decompiled 7500/19539 functions...  
2026-07-28 22:15:55 INFO  (GhidraScript) DecompileAllWithDataPointers.java> Decompiled 8000/19539 functions...  
2026-07-28 22:16:13 INFO  (GhidraScript) DecompileAllWithDataPointers.java> Decompiled 8500/19539 functions...  
2026-07-28 22:16:18 INFO  (GhidraScript) DecompileAllWithDataPointers.java> Decompiled 9000/19539 functions...  
2026-07-28 22:17:44 INFO  (GhidraScript) DecompileAllWithDataPointers.java> Decompiled 9500/19539 functions...  
2026-07-28 22:17:51 INFO  (GhidraScript) DecompileAllWithDataPointers.java> Decompiled 10000/19539 functions...  
2026-07-28 22:17:56 INFO  (GhidraScript) DecompileAllWithDataPointers.java> Decompiled 10500/19539 functions...  
2026-07-28 22:18:02 INFO  (GhidraScript) DecompileAllWithDataPointers.java> Decompiled 11000/19539 functions...  
2026-07-28 22:18:12 INFO  (GhidraScript) DecompileAllWithDataPointers.java> Decompiled 11500/19539 functions...  
2026-07-28 22:18:40 INFO  (GhidraScript) DecompileAllWithDataPointers.java> Decompiled 12000/19539 functions...  
2026-07-28 22:18:55 INFO  (GhidraScript) DecompileAllWithDataPointers.java> Decompiled 12500/19539 functions...  
2026-07-28 22:19:00 INFO  (GhidraScript) DecompileAllWithDataPointers.java> Decompiled 13000/19539 functions...  
2026-07-28 22:19:04 INFO  (GhidraScript) DecompileAllWithDataPointers.java> Decompiled 13500/19539 functions...  
2026-07-28 22:19:21 INFO  (GhidraScript) DecompileAllWithDataPointers.java> Decompiled 14000/19539 functions...  
2026-07-28 22:19:34 INFO  (GhidraScript) DecompileAllWithDataPointers.java> Decompiled 14500/19539 functions...  
2026-07-28 22:19:42 INFO  (GhidraScript) DecompileAllWithDataPointers.java> Decompiled 15000/19539 functions...  
2026-07-28 22:19:47 INFO  (GhidraScript) DecompileAllWithDataPointers.java> Decompiled 15500/19539 functions...  
2026-07-28 22:19:57 INFO  (GhidraScript) DecompileAllWithDataPointers.java> Decompiled 16000/19539 functions...  
2026-07-28 22:20:31 INFO  (GhidraScript) DecompileAllWithDataPointers.java> Decompiled 16500/19539 functions...  
2026-07-28 22:21:05 INFO  (GhidraScript) DecompileAllWithDataPointers.java> Decompiled 17000/19539 functions...  
2026-07-28 22:21:16 INFO  (GhidraScript) DecompileAllWithDataPointers.java> Decompiled 17500/19539 functions...  
2026-07-28 22:21:19 INFO  (GhidraScript) DecompileAllWithDataPointers.java> Decompiled 18000/19539 functions...  
2026-07-28 22:21:22 WARN  (DecompileCallback) Decompiling 180679360: Unable to read bytes at ram:183020103  
2026-07-28 22:22:29 INFO  (GhidraScript) DecompileAllWithDataPointers.java> Decompiled 18500/19539 functions...  
2026-07-28 22:22:32 INFO  (GhidraScript) DecompileAllWithDataPointers.java> Decompiled 19000/19539 functions...  
2026-07-28 22:22:35 INFO  (GhidraScript) DecompileAllWithDataPointers.java> Decompiled 19500/19539 functions...  
2026-07-28 22:22:35 INFO  (GhidraScript) DecompileAllWithDataPointers.java> Finished. Total=19539 Success=19364 Failed=175  
2026-07-28 22:22:35 INFO  (GhidraScript) DecompileAllWithDataPointers.java> Output: /Users/tl/Desktop/MCBE/Clients/Oderso/ghidra_decompiled_1.26.3X_new.c  
2026-07-28 22:22:35 INFO  (HeadlessAnalyzer) ANALYZING changes made by post scripts: file:///Users/tl/Desktop/MCBE/Clients/Oderso/1.26.3X.dll  
2026-07-28 22:22:35 INFO  (HeadlessAnalyzer) REPORT: Post-analysis succeeded for file: file:///Users/tl/Desktop/MCBE/Clients/Oderso/1.26.3X.dll  
2026-07-28 22:22:35 INFO  (LocalFileSystem) /1.26.3X.dll: file created (tl)  
2026-07-28 22:22:35 INFO  (HeadlessAnalyzer) REPORT: Save succeeded for: /1.26.3X.dll (Oderso_1_26_3X_final:/1.26.3X.dll)  
2026-07-28 22:22:35 INFO  (HeadlessAnalyzer) REPORT: Import succeeded  
