2026-07-28 22:10:20 INFO  DecompileAllWithDataPointers.java> Scanning section .rdata (1620480 bytes) for code pointers...  
2026-07-28 22:10:20 INFO  DecompileAllWithDataPointers.java> Scanning section .data (37168 bytes) for code pointers...  
2026-07-28 22:10:20 INFO  DecompileAllWithDataPointers.java> Scanned 207206 pointers, created 966 new functions, skipped/failed 0 from .rdata/.data code pointers.  
2026-07-28 22:10:20 INFO  DecompileAllWithDataPointers.java> Re-analyzed changes.  
2026-07-28 22:11:45 INFO  DecompileAllWithDataPointers.java> Decompiled 500/19539 functions...  
2026-07-28 22:12:17 INFO  DecompileAllWithDataPointers.java> Decompiled 1000/19539 functions...  
2026-07-28 22:12:21 INFO  DecompileAllWithDataPointers.java> Decompiled 1500/19539 functions...  
2026-07-28 22:12:23 INFO  DecompileAllWithDataPointers.java> Decompiled 2000/19539 functions...  
2026-07-28 22:12:32 INFO  DecompileAllWithDataPointers.java> Decompiled 2500/19539 functions...  
2026-07-28 22:12:37 INFO  DecompileAllWithDataPointers.java> Decompiled 3000/19539 functions...  
2026-07-28 22:12:40 INFO  DecompileAllWithDataPointers.java> Decompiled 3500/19539 functions...  
2026-07-28 22:12:49 INFO  DecompileAllWithDataPointers.java> Decompiled 4000/19539 functions...  
2026-07-28 22:13:06 INFO  DecompileAllWithDataPointers.java> Decompiled 4500/19539 functions...  
2026-07-28 22:13:10 INFO  DecompileAllWithDataPointers.java> Decompiled 5000/19539 functions...  
2026-07-28 22:13:17 INFO  DecompileAllWithDataPointers.java> Decompiled 5500/19539 functions...  
2026-07-28 22:13:21 INFO  DecompileAllWithDataPointers.java> Decompiled 6000/19539 functions...  
2026-07-28 22:13:27 INFO  DecompileAllWithDataPointers.java> Decompiled 6500/19539 functions...  
2026-07-28 22:13:51 INFO  DecompileAllWithDataPointers.java> Decompiled 7000/19539 functions...  
2026-07-28 22:15:54 INFO  DecompileAllWithDataPointers.java> Decompiled 7500/19539 functions...  
2026-07-28 22:15:55 INFO  DecompileAllWithDataPointers.java> Decompiled 8000/19539 functions...  
2026-07-28 22:16:13 INFO  DecompileAllWithDataPointers.java> Decompiled 8500/19539 functions...  
2026-07-28 22:16:18 INFO  DecompileAllWithDataPointers.java> Decompiled 9000/19539 functions...  
2026-07-28 22:17:44 INFO  DecompileAllWithDataPointers.java> Decompiled 9500/19539 functions...  
2026-07-28 22:17:51 INFO  DecompileAllWithDataPointers.java> Decompiled 10000/19539 functions...  
2026-07-28 22:17:56 INFO  DecompileAllWithDataPointers.java> Decompiled 10500/19539 functions...  
2026-07-28 22:18:02 INFO  DecompileAllWithDataPointers.java> Decompiled 11000/19539 functions...  
2026-07-28 22:18:12 INFO  DecompileAllWithDataPointers.java> Decompiled 11500/19539 functions...  
2026-07-28 22:18:40 INFO  DecompileAllWithDataPointers.java> Decompiled 12000/19539 functions...  
2026-07-28 22:18:55 INFO  DecompileAllWithDataPointers.java> Decompiled 12500/19539 functions...  
2026-07-28 22:19:00 INFO  DecompileAllWithDataPointers.java> Decompiled 13000/19539 functions...  
2026-07-28 22:19:04 INFO  DecompileAllWithDataPointers.java> Decompiled 13500/19539 functions...  
2026-07-28 22:19:21 INFO  DecompileAllWithDataPointers.java> Decompiled 14000/19539 functions...  
2026-07-28 22:19:34 INFO  DecompileAllWithDataPointers.java> Decompiled 14500/19539 functions...  
2026-07-28 22:19:42 INFO  DecompileAllWithDataPointers.java> Decompiled 15000/19539 functions...  
2026-07-28 22:19:47 INFO  DecompileAllWithDataPointers.java> Decompiled 15500/19539 functions...  
2026-07-28 22:19:57 INFO  DecompileAllWithDataPointers.java> Decompiled 16000/19539 functions...  
2026-07-28 22:20:31 INFO  DecompileAllWithDataPointers.java> Decompiled 16500/19539 functions...  
2026-07-28 22:21:05 INFO  DecompileAllWithDataPointers.java> Decompiled 17000/19539 functions...  
2026-07-28 22:21:16 INFO  DecompileAllWithDataPointers.java> Decompiled 17500/19539 functions...  
2026-07-28 22:21:19 INFO  DecompileAllWithDataPointers.java> Decompiled 18000/19539 functions...  
2026-07-28 22:22:29 INFO  DecompileAllWithDataPointers.java> Decompiled 18500/19539 functions...  
2026-07-28 22:22:32 INFO  DecompileAllWithDataPointers.java> Decompiled 19000/19539 functions...  
2026-07-28 22:22:35 INFO  DecompileAllWithDataPointers.java> Decompiled 19500/19539 functions...  
2026-07-28 22:22:35 INFO  DecompileAllWithDataPointers.java> Finished. Total=19539 Success=19364 Failed=175  
2026-07-28 22:22:35 INFO  DecompileAllWithDataPointers.java> Output: /Users/tl/Desktop/MCBE/Clients/Oderso/ghidra_decompiled_1.26.3X_new.c  
